Component: ARM Compiler 5.06 update 6 (build 750) Tool: armlink [4d35ed]

==============================================================================

Section Cross References

    main.o(i.AS608_key_staset) refers to lcd.o(i.LCD_Fill) for LCD_Fill
    main.o(i.AS608_key_staset) refers to text.o(i.Show_Str_Mid) for Show_Str_Mid
    main.o(i.AS608_key_staset) refers to main.o(.data) for kbd_tbl
    main.o(i.Add_FR) refers to lcd.o(i.LCD_Clear) for LCD_Clear
    main.o(i.Add_FR) refers to lcd.o(i.LCD_Fill) for LCD_Fill
    main.o(i.Add_FR) refers to text.o(i.Show_Str_Mid) for Show_Str_Mid
    main.o(i.Add_FR) refers to delay.o(i.delay_ms) for delay_ms
    main.o(i.Add_FR) refers to as608.o(i.PS_GetImage) for PS_GetImage
    main.o(i.Add_FR) refers to as608.o(i.PS_GenChar) for PS_GenChar
    main.o(i.Add_FR) refers to main.o(i.ShowErrMessage) for ShowErrMessage
    main.o(i.Add_FR) refers to as608.o(i.PS_Match) for PS_Match
    main.o(i.Add_FR) refers to as608.o(i.PS_RegModel) for PS_RegModel
    main.o(i.Add_FR) refers to main.o(i.key_input) for key_input
    main.o(i.Add_FR) refers to as608.o(i.PS_StoreChar) for PS_StoreChar
    main.o(i.Add_FR) refers to as608.o(i.PS_ValidTempleteNum) for PS_ValidTempleteNum
    main.o(i.Add_FR) refers to stm32f10x_tim.o(i.TIM_Cmd) for TIM_Cmd
    main.o(i.Add_FR) refers to main.o(.data) for f
    main.o(i.Add_FR) refers to lcd.o(.bss) for lcddev
    main.o(i.Add_FR) refers to main.o(.bss) for AS608Para
    main.o(i.Del_FR) refers to lcd.o(i.LCD_Clear) for LCD_Clear
    main.o(i.Del_FR) refers to lcd.o(i.LCD_Fill) for LCD_Fill
    main.o(i.Del_FR) refers to text.o(i.Show_Str_Mid) for Show_Str_Mid
    main.o(i.Del_FR) refers to delay.o(i.delay_ms) for delay_ms
    main.o(i.Del_FR) refers to main.o(i.key_input) for key_input
    main.o(i.Del_FR) refers to as608.o(i.PS_Empty) for PS_Empty
    main.o(i.Del_FR) refers to as608.o(i.PS_DeletChar) for PS_DeletChar
    main.o(i.Del_FR) refers to main.o(i.ShowErrMessage) for ShowErrMessage
    main.o(i.Del_FR) refers to as608.o(i.PS_ValidTempleteNum) for PS_ValidTempleteNum
    main.o(i.Del_FR) refers to stm32f10x_tim.o(i.TIM_Cmd) for TIM_Cmd
    main.o(i.Del_FR) refers to lcd.o(.bss) for lcddev
    main.o(i.Del_FR) refers to main.o(.data) for e
    main.o(i.IDentity) refers to stm32f10x_tim.o(i.TIM_ITConfig) for TIM_ITConfig
    main.o(i.IDentity) refers to lcd.o(i.LCD_Clear) for LCD_Clear
    main.o(i.IDentity) refers to text.o(i.Show_Str) for Show_Str
    main.o(i.IDentity) refers to as608.o(i.PS_GetImage) for PS_GetImage
    main.o(i.IDentity) refers to as608.o(i.PS_GenChar) for PS_GenChar
    main.o(i.IDentity) refers to as608.o(i.PS_HighSpeedSearch) for PS_HighSpeedSearch
    main.o(i.IDentity) refers to lcd.o(i.LCD_Fill) for LCD_Fill
    main.o(i.IDentity) refers to text.o(i.Show_Str_Mid) for Show_Str_Mid
    main.o(i.IDentity) refers to main.o(i.ShowErrMessage) for ShowErrMessage
    main.o(i.IDentity) refers to delay.o(i.delay_ms) for delay_ms
    main.o(i.IDentity) refers to main.o(i.jiemian) for jiemian
    main.o(i.IDentity) refers to key.o(i.KEY_Scan) for KEY_Scan
    main.o(i.IDentity) refers to admin.o(i.password_input) for password_input
    main.o(i.IDentity) refers to main.o(.data) for flag_1
    main.o(i.IDentity) refers to main.o(.bss) for AS608Para
    main.o(i.IDentity) refers to lcd.o(.bss) for lcddev
    main.o(i.IDentity) refers to admin.o(.data) for return_time_flag
    main.o(i.ShowErrMessage) refers to lcd.o(i.LCD_Fill) for LCD_Fill
    main.o(i.ShowErrMessage) refers to lcd.o(i.LCD_ShowString) for LCD_ShowString
    main.o(i.ShowErrMessage) refers to delay.o(i.delay_ms) for delay_ms
    main.o(i.ShowErrMessage) refers to lcd.o(.bss) for lcddev
    main.o(i.jiemian) refers to lcd.o(i.LCD_Clear) for LCD_Clear
    main.o(i.jiemian) refers to text.o(i.Show_Str) for Show_Str
    main.o(i.jiemian) refers to key.o(i.KEY_Scan) for KEY_Scan
    main.o(i.jiemian) refers to lcd.o(i.LCD_ShowString) for LCD_ShowString
    main.o(i.jiemian) refers to main.o(i.Add_FR) for Add_FR
    main.o(i.jiemian) refers to main.o(i.Del_FR) for Del_FR
    main.o(i.jiemian) refers to admin.o(i.Local_time_set) for Local_time_set
    main.o(i.jiemian) refers to stm32f10x_tim.o(i.TIM_ITConfig) for TIM_ITConfig
    main.o(i.jiemian) refers to main.o(.data) for min_five
    main.o(i.jiemian) refers to admin.o(.data) for return_time_flag
    main.o(i.key_input) refers to main.o(i.keyboard) for keyboard
    main.o(i.key_input) refers to touch.o(i.TP_Scan) for TP_Scan
    main.o(i.key_input) refers to stm32f10x_gpio.o(i.GPIO_SetBits) for GPIO_SetBits
    main.o(i.key_input) refers to delay.o(i.delay_ms) for delay_ms
    main.o(i.key_input) refers to stm32f10x_gpio.o(i.GPIO_ResetBits) for GPIO_ResetBits
    main.o(i.key_input) refers to lcd.o(i.LCD_ShowNum) for LCD_ShowNum
    main.o(i.key_input) refers to lcd.o(i.LCD_Clear) for LCD_Clear
[...]
    W25QXX_Write_Enable                      0x0800b105   Thumb Code    28  w25qxx.o(i.W25QXX_Write_Enable)
    W25QXX_Write_NoCheck                     0x0800b125   Thumb Code    70  w25qxx.o(i.W25QXX_Write_NoCheck)
    W25QXX_Write_Page                        0x0800b16d   Thumb Code    86  w25qxx.o(i.W25QXX_Write_Page)
    _is_digit                                0x0800b1c9   Thumb Code    14  __printf_wp.o(i._is_digit)
    _sys_exit                                0x0800b1d7   Thumb Code     6  usart.o(i._sys_exit)
    admin_key_input                          0x0800b1dd   Thumb Code   852  admin.o(i.admin_key_input)
    clust2sect                               0x0800b60f   Thumb Code    26  ff.o(i.clust2sect)
    convert_from_bytes_to_power_of_two       0x0800b6b9   Thumb Code    18  sdio_sdcard.o(i.convert_from_bytes_to_power_of_two)
    delay_init                               0x0800ba11   Thumb Code    50  delay.o(i.delay_init)
    delay_ms                                 0x0800ba55   Thumb Code    72  delay.o(i.delay_ms)
    delay_us                                 0x0800baa1   Thumb Code    72  delay.o(i.delay_us)
    dir_sdi                                  0x0800bf9b   Thumb Code   158  ff.o(i.dir_sdi)
    disk_initialize                          0x0800c039   Thumb Code    52  diskio.o(i.disk_initialize)
    disk_ioctl                               0x0800c071   Thumb Code   170  diskio.o(i.disk_ioctl)
    disk_read                                0x0800c125   Thumb Code   122  diskio.o(i.disk_read)
    disk_status                              0x0800c19f   Thumb Code     6  diskio.o(i.disk_status)
    disk_write                               0x0800c1a5   Thumb Code   122  diskio.o(i.disk_write)
    exfuns_init                              0x0800c221   Thumb Code   114  exfuns.o(i.exfuns_init)
    f_close                                  0x0800c2a5   Thumb Code    32  ff.o(i.f_close)
    f_getfree                                0x0800c2c5   Thumb Code   258  ff.o(i.f_getfree)
    f_gets                                   0x0800c3c7   Thumb Code    82  ff.o(i.f_gets)
    f_lseek                                  0x0800c419   Thumb Code   684  ff.o(i.f_lseek)
    f_mkdir                                  0x0800c6c5   Thumb Code   380  ff.o(i.f_mkdir)
    f_mkfs                                   0x0800c841   Thumb Code  1582  ff.o(i.f_mkfs)
    f_mount                                  0x0800ce89   Thumb Code    86  ff.o(i.f_mount)
    f_open                                   0x0800cee5   Thumb Code   384  ff.o(i.f_open)
    f_opendir                                0x0800d065   Thumb Code   136  ff.o(i.f_opendir)
    f_putc                                   0x0800d0ed   Thumb Code    64  ff.o(i.f_putc)
    f_puts                                   0x0800d12d   Thumb Code    74  ff.o(i.f_puts)
    f_read                                   0x0800d177   Thumb Code   432  ff.o(i.f_read)
    f_readdir                                0x0800d327   Thumb Code   114  ff.o(i.f_readdir)
    f_rename                                 0x0800d399   Thumb Code   290  ff.o(i.f_rename)
    f_sync                                   0x0800d4bb   Thumb Code   176  ff.o(i.f_sync)
    f_unlink                                 0x0800d56b   Thumb Code   190  ff.o(i.f_unlink)
    f_write                                  0x0800d629   Thumb Code   490  ff.o(i.f_write)
    ff_convert                               0x0800d815   Thumb Code   116  cc936.o(i.ff_convert)
    ff_memalloc                              0x0800d891   Thumb Code    14  diskio.o(i.ff_memalloc)
    ff_memfree                               0x0800d89f   Thumb Code    14  diskio.o(i.ff_memfree)
    ff_wtoupper                              0x0800d8ad   Thumb Code    46  cc936.o(i.ff_wtoupper)
    font_init                                0x0800dd89   Thumb Code    64  fontupd.o(i.font_init)
    fputc                                    0x0800ddcd   Thumb Code    24  usart.o(i.fputc)
    fupd_prog                                0x0800dde9   Thumb Code   134  fontupd.o(i.fupd_prog)
    get_fat                                  0x0800df45   Thumb Code   242  ff.o(i.get_fat)
    get_fattime                              0x0800e037   Thumb Code     4  diskio.o(i.get_fattime)
    jiemian                                  0x0800e195   Thumb Code   528  main.o(i.jiemian)
    key_input                                0x0800e401   Thumb Code  1024  main.o(i.key_input)
    keyboard                                 0x0800e801   Thumb Code   446  main.o(i.keyboard)
    keyboard_2                               0x0800e9d9   Thumb Code   478  admin.o(i.keyboard_2)
    main                                     0x0800ebf9   Thumb Code   966  main.o(i.main)
    mf_close                                 0x0800f0c1   Thumb Code    14  fattester.o(i.mf_close)
    mf_fmkfs                                 0x0800f0d5   Thumb Code    20  fattester.o(i.mf_fmkfs)
    mf_gets                                  0x0800f0e9   Thumb Code    38  fattester.o(i.mf_gets)
    mf_lseek                                 0x0800f135   Thumb Code    16  fattester.o(i.mf_lseek)
    mf_mkdir                                 0x0800f149   Thumb Code    12  fattester.o(i.mf_mkdir)
    mf_mount                                 0x0800f155   Thumb Code    20  fattester.o(i.mf_mount)
    mf_open                                  0x0800f16d   Thumb Code    24  fattester.o(i.mf_open)
    mf_opendir                               0x0800f189   Thumb Code    14  fattester.o(i.mf_opendir)
    mf_putc                                  0x0800f19d   Thumb Code    18  fattester.o(i.mf_putc)
    mf_puts                                  0x0800f1b5   Thumb Code    18  fattester.o(i.mf_puts)
    mf_read                                  0x0800f1cd   Thumb Code   224  fattester.o(i.mf_read)
    mf_readdir                               0x0800f325   Thumb Code   204  fattester.o(i.mf_readdir)
    mf_rename                                0x0800f4b9   Thumb Code    16  fattester.o(i.mf_rename)
    mf_scan_files                            0x0800f4c9   Thumb Code   120  fattester.o(i.mf_scan_files)
    mf_showfree                              0x0800f559   Thumb Code    88  fattester.o(i.mf_showfree)
    mf_size                                  0x0800f601   Thumb Code     8  fattester.o(i.mf_size)
    mf_tell                                  0x0800f60d   Thumb Code     8  fattester.o(i.mf_tell)
    mf_unlink                                0x0800f619   Thumb Code    12  fattester.o(i.mf_unlink)
    mf_write                                 0x0800f625   Thumb Code    68  fattester.o(i.mf_write)
    my_mem_free                              0x0800f711   Thumb Code    96  malloc.o(i.my_mem_free)
    my_mem_init                              0x0800f77d   Thumb Code    54  malloc.o(i.my_mem_init)
    my_mem_malloc                            0x0800f7c1   Thumb Code   156  malloc.o(i.my_mem_malloc)
    my_mem_perused                           0x0800f869   Thumb Code    54  malloc.o(i.my_mem_perused)
    myfree                                   0x0800f8a9   Thumb Code    30  malloc.o(i.myfree)
    mymalloc                                 0x0800f8cd   Thumb Code    34  malloc.o(i.mymalloc)
    mymemset                                 0x0800f8f5   Thumb Code    20  malloc.o(i.mymemset)
    opt_delay                                0x0800f909   Thumb Code    14  lcd.o(i.opt_delay)
    press_FR                                 0x0800f98d   Thumb Code   308  main.o(i.press_FR)
    put_fat                                  0x0800faf5   Thumb Code   322  ff.o(i.put_fat)
    read_addr                                0x0800fc7b   Thumb Code     6  usmart.o(i.read_addr)
    sqrt                                     0x0800fced   Thumb Code    76  sqrt.o(i.sqrt)
    timeset_input                            0x0800fe85   Thumb Code   202  admin.o(i.timeset_input)
    uart_init                                0x0800ff61   Thumb Code   152  usart.o(i.uart_init)
    updata_fontx                             0x08010001   Thumb Code   346  fontupd.o(i.updata_fontx)
    update_font                              0x08010165   Thumb Code   784  fontupd.o(i.update_font)
    usart2_init                              0x080104f9   Thumb Code   186  usart2.o(i.usart2_init)
    usart3_init                              0x080105c9   Thumb Code   192  usart3.o(i.usart3_init)
    usmart_cmd_rec                           0x08010699   Thumb Code   170  usmart.o(i.usmart_cmd_rec)
    usmart_exe                               0x08010749   Thumb Code   632  usmart.o(i.usmart_exe)
    usmart_get_aparm                         0x08010a1d   Thumb Code   200  usmart_str.o(i.usmart_get_aparm)
    usmart_get_cmdname                       0x08010ae5   Thumb Code    54  usmart_str.o(i.usmart_get_cmdname)
    usmart_get_fname                         0x08010b1d   Thumb Code   440  usmart_str.o(i.usmart_get_fname)
    usmart_get_fparam                        0x08010cdd   Thumb Code   262  usmart_str.o(i.usmart_get_fparam)
    usmart_get_parmpos                       0x08010de9   Thumb Code    26  usmart_str.o(i.usmart_get_parmpos)
    usmart_get_runtime                       0x08010e09   Thumb Code    60  usmart.o(i.usmart_get_runtime)
    usmart_init                              0x08010e4d   Thumb Code    36  usmart.o(i.usmart_init)
    usmart_pow                               0x08010e75   Thumb Code    22  usmart_str.o(i.usmart_pow)
    usmart_reset_runtime                     0x08010e8d   Thumb Code    38  usmart.o(i.usmart_reset_runtime)
    usmart_scan                              0x08010ebd   Thumb Code   120  usmart.o(i.usmart_scan)
    usmart_search_nextc                      0x08010f79   Thumb Code    22  usmart_str.o(i.usmart_search_nextc)
    usmart_str2num                           0x08010f8f   Thumb Code   202  usmart_str.o(i.usmart_str2num)
    usmart_strcmp                            0x08011059   Thumb Code    34  usmart_str.o(i.usmart_strcmp)
    usmart_strcopy                           0x0801107b   Thumb Code    22  usmart_str.o(i.usmart_strcopy)
    usmart_strlen                            0x08011091   Thumb Code    24  usmart_str.o(i.usmart_strlen)
    usmart_sys_cmd_exe                       0x080110a9   Thumb Code  1554  usmart.o(i.usmart_sys_cmd_exe)
    write_addr                               0x080117c3   Thumb Code     4  usmart.o(i.write_addr)
    zhuanhua                                 0x080117c9   Thumb Code   152  admin.o(i.zhuanhua)
    __fpl_dcmp_Inf                           0x0801186d   Thumb Code    24  dcmpi.o(x$fpl$dcmpinf)
    __aeabi_d2uiz                            0x08011885   Thumb Code     0  dfixu.o(x$fpl$dfixu)
    _dfixu                                   0x08011885   Thumb Code    90  dfixu.o(x$fpl$dfixu)
    __aeabi_ui2d                             0x080118df   Thumb Code     0  dflt_clz.o(x$fpl$dfltu)
    _dfltu                                   0x080118df   Thumb Code    38  dflt_clz.o(x$fpl$dfltu)
    __aeabi_cdcmple                          0x08011905   Thumb Code     0  dleqf.o(x$fpl$dleqf)
    _dcmple                                  0x08011905   Thumb Code   120  dleqf.o(x$fpl$dleqf)
    __fpl_dcmple_InfNaN                      0x08011967   Thumb Code     0  dleqf.o(x$fpl$dleqf)
    __aeabi_dmul                             0x0801197d   Thumb Code     0  dmul.o(x$fpl$dmul)
    _dmul                                    0x0801197d   Thumb Code   332  dmul.o(x$fpl$dmul)
    __fpl_dnaninf                            0x08011ad1   Thumb Code   156  dnaninf.o(x$fpl$dnaninf)
    __fpl_dretinf                            0x08011b6d   Thumb Code    12  dretinf.o(x$fpl$dretinf)
    __aeabi_cdrcmple                         0x08011b79   Thumb Code     0  drleqf.o(x$fpl$drleqf)
    _drcmple                                 0x08011b79   Thumb Code   108  drleqf.o(x$fpl$drleqf)
    _dsqrt                                   0x08011be5   Thumb Code   456  dsqrt_noumaal.o(x$fpl$dsqrt)
    __aeabi_f2d                              0x08011db1   Thumb Code     0  f2d.o(x$fpl$f2d)
    _f2d                                     0x08011db1   Thumb Code    86  f2d.o(x$fpl$f2d)
    __aeabi_fadd                             0x08011e09   Thumb Code     0  faddsub_clz.o(x$fpl$fadd)
    _fadd                                    0x08011e09   Thumb Code   196  faddsub_clz.o(x$fpl$fadd)
    __fpl_fcmp_Inf                           0x08011ecd   Thumb Code    24  fcmpi.o(x$fpl$fcmpinf)
    __aeabi_fdiv                             0x08011ee5   Thumb Code     0  fdiv.o(x$fpl$fdiv)
    _fdiv                                    0x08011ee5   Thumb Code   384  fdiv.o(x$fpl$fdiv)
    __aeabi_cfcmpeq                          0x08012069   Thumb Code     0  feqf.o(x$fpl$feqf)
    _fcmpeq                                  0x08012069   Thumb Code   104  feqf.o(x$fpl$feqf)
    __aeabi_f2iz                             0x080120d1   Thumb Code     0  ffix.o(x$fpl$ffix)
    _ffix                                    0x080120d1   Thumb Code    54  ffix.o(x$fpl$ffix)
    __aeabi_f2uiz                            0x08012109   Thumb Code     0  ffixu.o(x$fpl$ffixu)
    _ffixu                                   0x08012109   Thumb Code    62  ffixu.o(x$fpl$ffixu)
    __aeabi_i2f                              0x08012149   Thumb Code     0  fflt_clz.o(x$fpl$fflt)
    _fflt                                    0x08012149   Thumb Code    48  fflt_clz.o(x$fpl$fflt)
    __aeabi_ui2f                             0x08012179   Thumb Code     0  fflt_clz.o(x$fpl$ffltu)
    _ffltu                                   0x08012179   Thumb Code    38  fflt_clz.o(x$fpl$ffltu)
    __aeabi_fmul                             0x080121a1   Thumb Code     0  fmul.o(x$fpl$fmul)
    _fmul                                    0x080121a1   Thumb Code   258  fmul.o(x$fpl$fmul)
    __fpl_fnaninf                            0x080122a3   Thumb Code   140  fnaninf.o(x$fpl$fnaninf)
    __fpl_fretinf                            0x0801232f   Thumb Code    10  fretinf.o(x$fpl$fretinf)
    __aeabi_fsub                             0x08012339   Thumb Code     0  faddsub_clz.o(x$fpl$fsub)
    _fsub                                    0x08012339   Thumb Code   234  faddsub_clz.o(x$fpl$fsub)
    __I$use$fp                               0x08012422   Number         0  usenofp.o(x$fpl$usenofp)
    asc2_1206                                0x08012422   Data        1140  lcd.o(.constdata)
    asc2_1608                                0x08012896   Data        1520  lcd.o(.constdata)
    asc2_2412                                0x08012e86   Data        3420  lcd.o(.constdata)
    table_week                               0x08013be2   Data          12  rtc.o(.constdata)
    mon_table                                0x08013bee   Data          12  rtc.o(.constdata)
    memtblsize                               0x08013bfc   Data           8  malloc.o(.constdata)
    memblksize                               0x08013c04   Data           8  malloc.o(.constdata)
    memsize                                  0x08013c0c   Data           8  malloc.o(.constdata)
    GBK24_PATH                               0x0803e918   Data           4  fontupd.o(.constdata)
    GBK16_PATH                               0x0803e91c   Data           4  fontupd.o(.constdata)
    GBK12_PATH                               0x0803e920   Data           4  fontupd.o(.constdata)
    UNIGBK_PATH                              0x0803e924   Data           4  fontupd.o(.constdata)
    Region$$Table$$Base                      0x0803ee58   Number         0  anon$$obj.o(Region$$Table)
    Region$$Table$$Limit                     0x0803ee78   Number         0  anon$$obj.o(Region$$Table)
    bw_2                                     0x20000000   Data           4  main.o(.data)
    cun                                      0x20000004   Data          10  main.o(.data)
    cun_1                                    0x2000000e   Data          10  main.o(.data)
    member_num                               0x20000018   Data           4  main.o(.data)
    kbd_tbl                                  0x2000001c   Data           4  main.o(.data)
    kbd_menu                                 0x20000020   Data          60  main.o(.data)
    ValidN                                   0x2000005c   Data           2  main.o(.data)
    s_1                                      0x2000005e   Data           1  main.o(.data)
    IDnum                                    0x2000005f   Data           1  main.o(.data)
    shu_flag                                 0x20000060   Data           1  main.o(.data)
    shu_flag_1                               0x20000061   Data           1  main.o(.data)
    flag_1                                   0x20000062   Data           1  main.o(.data)
    flag_2                                   0x20000063   Data           1  main.o(.data)
    flag3                                    0x20000064   Data           1  main.o(.data)
    flag4                                    0x20000065   Data           1  main.o(.data)
    flag5                                    0x20000066   Data           1  main.o(.data)
    e                                        0x20000067   Data           1  main.o(.data)
    f                                        0x20000068   Data           1  main.o(.data)
    min_five                                 0x20000069   Data           1  main.o(.data)
    count                                    0x2000006a   Data           1  main.o(.data)
    depart_flag                              0x2000006b   Data           1  main.o(.data)
    data_flag                                0x2000006c   Data           1  main.o(.data)
    z_1                                      0x2000006d   Data           1  main.o(.data)
    SystemCoreClock                          0x20000070   Data           4  system_stm32f10x.o(.data)
    AHBPrescTable                            0x20000074   Data          16  system_stm32f10x.o(.data)
    __stdout                                 0x20000088   Data           4  usart.o(.data)
    USART_RX_STA                             0x2000008c   Data           2  usart.o(.data)
    POINT_COLOR                              0x20000090   Data           2  lcd.o(.data)
    BACK_COLOR                               0x20000092   Data           2  lcd.o(.data)
    TransferError                            0x2000009e   Data           1  sdio_sdcard.o(.data)
    TransferEnd                              0x2000009f   Data           1  sdio_sdcard.o(.data)
    tempbuff                                 0x200000a0   Data           4  sdio_sdcard.o(.data)
    t                                        0x200000a4   Data           1  timer.o(.data)
    tp_dev                                   0x200000a8   Data          40  touch.o(.data)
    CMD_RDX                                  0x200000d0   Data           1  touch.o(.data)
    CMD_RDY                                  0x200000d1   Data           1  touch.o(.data)
    TP_REMIND_MSG_TBL                        0x200000d4   Data           4  touch.o(.data)
    USART3_RX_STA                            0x200000d8   Data           2  usart3.o(.data)
    W25QXX_TYPE                              0x200000da   Data           2  w25qxx.o(.data)
    USART2_RX_STA                            0x200000dc   Data           2  usart2.o(.data)
    AS608Addr                                0x200000e0   Data           4  as608.o(.data)
    p                                        0x200000e8   Data           4  admin.o(.data)
    q                                        0x200000ec   Data           4  admin.o(.data)
    res                                      0x200000f0   Data           1  admin.o(.data)
    bww                                      0x200000f4   Data           4  admin.o(.data)
    abc_1                                    0x200000f8   Data           4  admin.o(.data)
    time_save                                0x200000fc   Data           7  admin.o(.data)
    flag6                                    0x20000103   Data           1  admin.o(.data)
    hanshu_flag                              0x20000104   Data           1  admin.o(.data)
    set_hour                                 0x20000105   Data           1  admin.o(.data)
    set_min                                  0x20000106   Data           1  admin.o(.data)
    return_time_flag                         0x20000107   Data           1  admin.o(.data)
    kbd_tbl_2                                0x20000108   Data           4  admin.o(.data)
    kbd_menu_2                               0x2000010c   Data          60  admin.o(.data)
    TIME_storage                             0x20000148   Data           4  admin.o(.data)
    mallco_dev                               0x20000160   Data          28  malloc.o(.data)
    sys_cmd_tab                              0x2000017c   Data          28  usmart.o(.data)
    usmart_nametab                           0x20000198   Data         264  usmart_config.o(.data)
    usmart_dev                               0x200002a0   Data         244  usmart_config.o(.data)
    FLASH_SECTOR_COUNT                       0x2000039e   Data           2  diskio.o(.data)
    fs                                       0x200003a0   Data           8  exfuns.o(.data)
    file                                     0x200003a8   Data           4  exfuns.o(.data)
    ftemp                                    0x200003ac   Data           4  exfuns.o(.data)
    br                                       0x200003b0   Data           4  exfuns.o(.data)
    bw                                       0x200003b4   Data           4  exfuns.o(.data)
    fatbuf                                   0x200003b8   Data           4  exfuns.o(.data)
    fill                                     0x200003bc   Data         552  main.o(.bss)
    number_1                                 0x200005e4   Data          30  main.o(.bss)
    number_2                                 0x20000602   Data          30  main.o(.bss)
    number_3                                 0x20000620   Data         120  main.o(.bss)
    number_4                                 0x20000698   Data          30  main.o(.bss)
    AS608Para                                0x200006b8   Data          12  main.o(.bss)
    USART_RX_BUF                             0x200006c4   Data         200  usart.o(.bss)
    lcddev                                   0x2000078c   Data          14  lcd.o(.bss)
    SDIO_InitStructure                       0x200007a0   Data          24  sdio_sdcard.o(.bss)
    SDIO_CmdInitStructure                    0x200007b8   Data          20  sdio_sdcard.o(.bss)
    SDIO_DataInitStructure                   0x200007cc   Data          24  sdio_sdcard.o(.bss)
    SDCardInfo                               0x20000808   Data          88  sdio_sdcard.o(.bss)
    SDIO_DATA_BUFFER                         0x20000860   Data         512  sdio_sdcard.o(.bss)
    USART3_RX_BUF                            0x20000a60   Data         600  usart3.o(.bss)
    USART3_TX_BUF                            0x20000cb8   Data         600  usart3.o(.bss)
    W25QXX_BUFFER                            0x20000f10   Data        4096  w25qxx.o(.bss)
    USART2_RX_BUF                            0x20001f10   Data         400  usart2.o(.bss)
    USART2_TX_BUF                            0x200020a0   Data         400  usart2.o(.bss)
    calendar                                 0x20002230   Data          10  rtc.o(.bss)
    stu1                                     0x2000223c   Data         120  admin.o(.bss)
    fil                                      0x200022b4   Data         552  admin.o(.bss)
    buffer                                   0x200024dc   Data        6553  admin.o(.bss)
    clock_set                                0x20003e78   Data          16  admin.o(.bss)
    STMFLASH_BUF                             0x20003e88   Data        2048  stmflash.o(.bss)
    mem1base                                 0x200046a0   Data       40960  malloc.o(.bss)
    mem1mapbase                              0x2000e6a0   Data        2560  malloc.o(.bss)
    fileinfo                                 0x2000f0a0   Data          32  exfuns.o(.bss)
    dir                                      0x2000f0c0   Data          36  exfuns.o(.bss)
    ftinfo                                   0x2000f0e4   Data          33  fontupd.o(.bss)
    __libspace_start                         0x2000f108   Data          96  libspace.o(.bss)
    __temporary_stack_top$libspace           0x2000f168   Data           0  libspace.o(.bss)
    mem2base                                 0x68000000   Data       983040  malloc.o(.ARM.__AT_0x68000000)
    mem2mapbase                              0x680f0000   Data       61440  malloc.o(.ARM.__AT_0x680F0000)



==============================================================================

Memory Map of the image

  Image Entry point : 0x08000131

  Load Region LR_IROM1 (Base: 0x08000000, Size: 0x0003f234, Max: 0x00080000, ABSOLUTE, COMPRESSED[0x0003f01c])

    Execution Region ER_IROM1 (Exec base: 0x08000000, Load base: 0x08000000, Size: 0x0003ee78, Max: 0x00080000, ABSOLUTE)

    Exec Addr    Load Addr    Size         Type   Attr      Idx    E Section Name        Object

    0x08000000   0x08000000   0x00000130   Data   RO          477    RESET               startup_stm32f10x_hd.o
    0x08000130   0x08000130   0x00000008   Code   RO         6577  * !!!main             c_w.l(__main.o)
    0x08000138   0x08000138   0x00000034   Code   RO         7068    !!!scatter          c_w.l(__scatter.o)
    0x0800016c   0x0800016c   0x0000005a   Code   RO         7066    !!dczerorl2         c_w.l(__dczerorl2.o)
    0x080001c6   0x080001c6   0x00000002   PAD
    0x080001c8   0x080001c8   0x0000001c   Code   RO         7070    !!handler_zi        c_w.l(__scatter_zi.o)
    0x080001e4   0x080001e4   0x00000000   Code   RO         6550    .ARM.Collect$$_printf_percent$$00000000  c_w.l(_printf_percent.o)
    0x080001e4   0x080001e4   0x00000006   Code   RO         6547    .ARM.Collect$$_printf_percent$$00000009  c_w.l(_printf_d.o)
    0x080001ea   0x080001ea   0x00000006   Code   RO         6548    .ARM.Collect$$_printf_percent$$0000000A  c_w.l(_printf_u.o)
    0x080001f0   0x080001f0   0x00000006   Code   RO         6545    .ARM.Collect$$_printf_percent$$0000000C  c_w.l(_printf_x.o)
    0x080001f6   0x080001f6   0x00000006   Code   RO         6543    .ARM.Collect$$_printf_percent$$00000013  c_w.l(_printf_c.o)
    0x080001fc   0x080001fc   0x00000006   Code   RO         6544    .ARM.Collect$$_printf_percent$$00000014  c_w.l(_printf_s.o)
    0x08000202   0x08000202   0x00000004   Code   RO         6718    .ARM.Collect$$_printf_percent$$00000017  c_w.l(_printf_percent_end.o)
    0x08000206   0x08000206   0x00000002   Code   RO         6948    .ARM.Collect$$libinit$$00000000  c_w.l(libinit.o)
    0x08000208   0x08000208   0x00000000   Code   RO         6739    .ARM.Collect$$libinit$$00000002  c_w.l(libinit2.o)
    0x08000208   0x08000208   0x00000000   Code   RO         6741    .ARM.Collect$$libinit$$00000004  c_w.l(libinit2.o)
    0x08000208   0x08000208   0x00000000   Code   RO         6744    .ARM.Collect$$libinit$$0000000A  c_w.l(libinit2.o)
    0x08000208   0x08000208   0x00000000   Code   RO         6746    .ARM.Collect$$libinit$$0000000C  c_w.l(libinit2.o)
    0x08000208   0x08000208   0x00000000   Code   RO         6748    .ARM.Collect$$libinit$$0000000E  c_w.l(libinit2.o)
    0x08000208   0x08000208   0x00000000   Code   RO         6751    .ARM.Collect$$libinit$$00000011  c_w.l(libinit2.o)
    0x08000208   0x08000208   0x00000000   Code   RO         6753    .ARM.Collect$$libinit$$00000013  c_w.l(libinit2.o)
    0x08000208   0x08000208   0x00000000   Code   RO         6755    .ARM.Collect$$libinit$$00000015  c_w.l(libinit2.o)
    0x08000208   0x08000208   0x00000000   Code   RO         6757    .ARM.Collect$$libinit$$00000017  c_w.l(libinit2.o)
    0x08000208   0x08000208   0x00000000   Code   RO         6759    .ARM.Collect$$libinit$$00000019  c_w.l(libinit2.o)
    0x08000208   0x08000208   0x00000000   Code   RO         6761    .ARM.Collect$$libinit$$0000001B  c_w.l(libinit2.o)
    0x08000208   0x08000208   0x00000000   Code   RO         6763    .ARM.Collect$$libinit$$0000001D  c_w.l(libinit2.o)
    0x08000208   0x08000208   0x00000000   Code   RO         6765    .ARM.Collect$$libinit$$0000001F  c_w.l(libinit2.o)
    0x08000208   0x08000208   0x00000000   Code   RO         6767    .ARM.Collect$$libinit$$00000021  c_w.l(libinit2.o)
    0x08000208   0x08000208   0x00000000   Code   RO         6769    .ARM.Collect$$libinit$$00000023  c_w.l(libinit2.o)
    0x08000208   0x08000208   0x00000000   Code   RO         6771    .ARM.Collect$$libinit$$00000025  c_w.l(libinit2.o)
    0x08000208   0x08000208   0x00000000   Code   RO         6775    .ARM.Collect$$libinit$$0000002C  c_w.l(libinit2.o)
    0x08000208   0x08000208   0x00000000   Code   RO         6777    .ARM.Collect$$libinit$$0000002E  c_w.l(libinit2.o)
    0x08000208   0x08000208   0x00000000   Code   RO         6779    .ARM.Collect$$libinit$$00000030  c_w.l(libinit2.o)
    0x08000208   0x08000208   0x00000000   Code   RO         6781    .ARM.Collect$$libinit$$00000032  c_w.l(libinit2.o)
    0x08000208   0x08000208   0x00000002   Code   RO         6782    .ARM.Collect$$libinit$$00000033  c_w.l(libinit2.o)
    0x0800020a   0x0800020a   0x00000002   Code   RO         7049    .ARM.Collect$$libshutdown$$00000000  c_w.l(libshutdown.o)
    0x0800020c   0x0800020c   0x00000000   Code   RO         6974    .ARM.Collect$$libshutdown$$00000002  c_w.l(libshutdown2.o)
    0x0800020c   0x0800020c   0x00000000   Code   RO         6976    .ARM.Collect$$libshutdown$$00000004  c_w.l(libshutdown2.o)
    0x0800020c   0x0800020c   0x00000000   Code   RO         6979    .ARM.Collect$$libshutdown$$00000007  c_w.l(libshutdown2.o)
    0x0800020c   0x0800020c   0x00000000   Code   RO         6982    .ARM.Collect$$libshutdown$$0000000A  c_w.l(libshutdown2.o)
    0x0800020c   0x0800020c   0x00000000   Code   RO         6984    .ARM.Collect$$libshutdown$$0000000C  c_w.l(libshutdown2.o)
    0x0800020c   0x0800020c   0x00000000   Code   RO         6987    .ARM.Collect$$libshutdown$$0000000F  c_w.l(libshutdown2.o)
    0x0800020c   0x0800020c   0x00000002   Code   RO         6988    .ARM.Collect$$libshutdown$$00000010  c_w.l(libshutdown2.o)
    0x0800020e   0x0800020e   0x00000000   Code   RO         6651    .ARM.Collect$$rtentry$$00000000  c_w.l(__rtentry.o)
    0x0800020e   0x0800020e   0x00000000   Code   RO         6804    .ARM.Collect$$rtentry$$00000002  c_w.l(__rtentry2.o)
    0x0800020e   0x0800020e   0x00000006   Code   RO         6816    .ARM.Collect$$rtentry$$00000004  c_w.l(__rtentry4.o)
    0x08000214   0x08000214   0x00000000   Code   RO         6806    .ARM.Collect$$rtentry$$00000009  c_w.l(__rtentry2.o)
    0x08000214   0x08000214   0x00000004   Code   RO         6807    .ARM.Collect$$rtentry$$0000000A  c_w.l(__rtentry2.o)
    0x08000218   0x08000218   0x00000000   Code   RO         6809    .ARM.Collect$$rtentry$$0000000C  c_w.l(__rtentry2.o)
    0x08000218   0x08000218   0x00000008   Code   RO         6810    .ARM.Collect$$rtentry$$0000000D  c_w.l(__rtentry2.o)
    0x08000220   0x08000220   0x00000002   Code   RO         6955    .ARM.Collect$$rtexit$$00000000  c_w.l(rtexit.o)
    0x08000222   0x08000222   0x00000000   Code   RO         7006    .ARM.Collect$$rtexit$$00000002  c_w.l(rtexit2.o)
    0x08000222   0x08000222   0x00000004   Code   RO         7007    .ARM.Collect$$rtexit$$00000003  c_w.l(rtexit2.o)
    0x08000226   0x08000226   0x00000006   Code   RO         7008    .ARM.Collect$$rtexit$$00000004  c_w.l(rtexit2.o)
    0x0800022c   0x0800022c   0x00000040   Code   RO          478    .text               startup_stm32f10x_hd.o
    0x0800026c   0x0800026c   0x00000002   Code   RO         6406    .text               c_w.l(use_no_semi_2.o)
    0x0800026e   0x0800026e   0x00000048   Code   RO         6476    .text               c_w.l(llsdiv.o)
    0x080002b6   0x080002b6   0x00000002   PAD
    0x080002b8   0x080002b8   0x00000018   Code   RO         6482    .text               c_w.l(__2printf.o)
    0x080002d0   0x080002d0   0x0000004e   Code   RO         6496    .text               c_w.l(_printf_pad.o)
    0x0800031e   0x0800031e   0x00000052   Code   RO         6498    .text               c_w.l(_printf_str.o)
    0x08000370   0x08000370   0x00000078   Code   RO         6500    .text               c_w.l(_printf_dec.o)
    0x080003e8   0x080003e8   0x00000094   Code   RO         6520    .text               c_w.l(_printf_hex_int_ll_ptr.o)
    0x0800047c   0x0800047c   0x00000188   Code   RO         6540    .text               c_w.l(__printf_flags_ss_wp.o)
    0x08000604   0x08000604   0x00000024   Code   RO         6553    .text               c_w.l(strstr.o)
    0x08000628   0x08000628   0x00000048   Code   RO         6557    .text               c_w.l(strcpy.o)
    0x08000670   0x08000670   0x0000003e   Code   RO         6559    .text               c_w.l(strlen.o)
    0x080006ae   0x080006ae   0x00000018   Code   RO         6563    .text               c_w.l(strcat.o)
    0x080006c6   0x080006c6   0x0000008a   Code   RO         6565    .text               c_w.l(rt_memcpy_v6.o)
    0x08000750   0x08000750   0x00000064   Code   RO         6567    .text               c_w.l(rt_memcpy_w.o)
    0x080007b4   0x080007b4   0x00000006   Code   RO         6575    .text               c_w.l(heapauxi.o)
    0x080007ba   0x080007ba   0x00000002   Code   RO         6647    .text               c_w.l(use_no_semi.o)
    0x080007bc   0x080007bc   0x000000ee   Code   RO         6679    .text               c_w.l(lludivv7m.o)
    0x080008aa   0x080008aa   0x00000016   Code   RO         6681    .text               c_w.l(_rserrno.o)
    0x080008c0   0x080008c0   0x000000b2   Code   RO         6685    .text               c_w.l(_printf_intcommon.o)
    0x08000972   0x08000972   0x00000002   PAD
    0x08000974   0x08000974   0x00000030   Code   RO         6691    .text               c_w.l(_printf_char_common.o)
    0x080009a4   0x080009a4   0x0000002c   Code   RO         6697    .text               c_w.l(_printf_char.o)
    0x080009d0   0x080009d0   0x00000024   Code   RO         6699    .text               c_w.l(_printf_char_file.o)
    0x080009f4   0x080009f4   0x00000008   Code   RO         6800    .text               c_w.l(libspace.o)
    0x080009fc   0x080009fc   0x00000008   Code   RO         6830    .text               c_w.l(rt_errno_addr_intlibspace.o)
    0x08000a04   0x08000a04   0x00000008   Code   RO         6877    .text               c_w.l(ferror.o)
    0x08000a0c   0x08000a0c   0x0000004a   Code   RO         6921    .text               c_w.l(sys_stackheap_outer.o)
    0x08000a56   0x08000a56   0x00000012   Code   RO         6933    .text               c_w.l(exit.o)
    0x08000a68   0x08000a68   0x00000008   Code   RO          610    i.AT24CXX_Init      24cxx.o
    0x08000a70   0x08000a70   0x0000002c   Code   RO          612    i.AT24CXX_ReadLenByte  24cxx.o
    0x08000a9c   0x08000a9c   0x00000058   Code   RO          613    i.AT24CXX_ReadOneByte  24cxx.o
    0x08000af4   0x08000af4   0x0000002a   Code   RO          615    i.AT24CXX_WriteLenByte  24cxx.o
    0x08000b1e   0x08000b1e   0x00000050   Code   RO          616    i.AT24CXX_WriteOneByte  24cxx.o
    0x08000b6e   0x08000b6e   0x00000002   PAD
    0x08000b70   0x08000b70   0x0000045c   Code   RO            2    i.Add_FR            main.o
    0x08000fcc   0x08000fcc   0x00000038   Code   RO         1791    i.BEEP_Init         beep.o
    0x08001004   0x08001004   0x00000010   Code   RO         3900    i.BKP_DeInit        stm32f10x_bkp.o
    0x08001014   0x08001014   0x0000001c   Code   RO         3905    i.BKP_ReadBackupRegister  stm32f10x_bkp.o
    0x08001030   0x08001030   0x0000001c   Code   RO         3909    i.BKP_WriteBackupRegister  stm32f10x_bkp.o
    0x0800104c   0x0800104c   0x00000004   Code   RO          284    i.BusFault_Handler  stm32f10x_it.o
    0x08001050   0x08001050   0x00000030   Code   RO          920    i.CmdError          sdio_sdcard.o
    0x08001080   0x08001080   0x00000060   Code   RO          921    i.CmdResp1Error     sdio_sdcard.o
    0x080010e0   0x080010e0   0x00000054   Code   RO          922    i.CmdResp2Error     sdio_sdcard.o
    0x08001134   0x08001134   0x00000038   Code   RO          923    i.CmdResp3Error     sdio_sdcard.o
    0x0800116c   0x0800116c   0x00000090   Code   RO          924    i.CmdResp6Error     sdio_sdcard.o
    0x080011fc   0x080011fc   0x0000004c   Code   RO          925    i.CmdResp7Error     sdio_sdcard.o
    0x08001248   0x08001248   0x00000018   Code   RO         2132    i.DMA_Cmd           stm32f10x_dma.o
    0x08001260   0x08001260   0x0000014c   Code   RO         2133    i.DMA_DeInit        stm32f10x_dma.o
    0x080013ac   0x080013ac   0x0000003c   Code   RO         2138    i.DMA_Init          stm32f10x_dma.o
    0x080013e8   0x080013e8   0x00000002   Code   RO          285    i.DebugMon_Handler  stm32f10x_it.o
    0x080013ea   0x080013ea   0x00000002   PAD
    0x080013ec   0x080013ec   0x00000148   Code   RO            3    i.Del_FR            main.o
    0x08001534   0x08001534   0x00000270   Code   RO         1515    i.EnsureMessage     as608.o
    0x080017a4   0x080017a4   0x0000004c   Code   RO         3981    i.FLASH_ErasePage   stm32f10x_flash.o
    0x080017f0   0x080017f0   0x00000034   Code   RO         3982    i.FLASH_GetBank1Status  stm32f10x_flash.o
    0x08001824   0x08001824   0x00000014   Code   RO         3991    i.FLASH_Lock        stm32f10x_flash.o
    0x08001838   0x08001838   0x00000040   Code   RO         3994    i.FLASH_ProgramHalfWord  stm32f10x_flash.o
    0x08001878   0x08001878   0x00000018   Code   RO         3999    i.FLASH_Unlock      stm32f10x_flash.o
    0x08001890   0x08001890   0x00000026   Code   RO         4003    i.FLASH_WaitForLastOperation  stm32f10x_flash.o
    0x080018b6   0x080018b6   0x00000002   PAD
    0x080018b8   0x080018b8   0x00000034   Code   RO         2267    i.FSMC_NORSRAMCmd   stm32f10x_fsmc.o
    0x080018ec   0x080018ec   0x000000e6   Code   RO         2269    i.FSMC_NORSRAMInit  stm32f10x_fsmc.o
    0x080019d2   0x080019d2   0x00000002   PAD
    0x080019d4   0x080019d4   0x00000194   Code   RO          926    i.FindSCR           sdio_sdcard.o
    0x08001b68   0x08001b68   0x00000116   Code   RO         2382    i.GPIO_Init         stm32f10x_gpio.o
    0x08001c7e   0x08001c7e   0x00000012   Code   RO         2386    i.GPIO_ReadInputDataBit  stm32f10x_gpio.o
    0x08001c90   0x08001c90   0x00000004   Code   RO         2389    i.GPIO_ResetBits    stm32f10x_gpio.o
    0x08001c94   0x08001c94   0x00000004   Code   RO         2390    i.GPIO_SetBits      stm32f10x_gpio.o
    0x08001c98   0x08001c98   0x000000e0   Code   RO         5245    i.Get_HzMat         text.o
    0x08001d78   0x08001d78   0x00000004   Code   RO          286    i.HardFault_Handler  stm32f10x_it.o
    0x08001d7c   0x08001d7c   0x00000004   Code   RO          541    i.INTX_DISABLE      sys.o
    0x08001d80   0x08001d80   0x00000004   Code   RO          542    i.INTX_ENABLE       sys.o
    0x08001d84   0x08001d84   0x00000050   Code   RO         1856    i.IO_IIC_Init       ioiic.o
    0x08001dd4   0x08001dd4   0x000000bc   Code   RO         1858    i.IO_IIC_Read_Byte  ioiic.o
    0x08001e90   0x08001e90   0x00000038   Code   RO         1859    i.IO_IIC_Start      ioiic.o
    0x08001ec8   0x08001ec8   0x0000002c   Code   RO         1860    i.IO_IIC_Stop       ioiic.o
    0x08001ef4   0x08001ef4   0x0000009c   Code   RO         1861    i.IO_IIC_Wait_Ack   ioiic.o
    0x08001f90   0x08001f90   0x00000058   Code   RO         1862    i.IO_IIC_Write_Byte  ioiic.o
    0x08001fe8   0x08001fe8   0x00000080   Code   RO         1909    i.IO_SPI_Init       iospi.o
    0x08002068   0x08002068   0x00000064   Code   RO         1910    i.IO_SPI_RW_Byte    iospi.o
    0x080020cc   0x080020cc   0x0000009c   Code   RO          927    i.IsCardProgramming  sdio_sdcard.o
    0x08002168   0x08002168   0x0000003a   Code   RO         1703    i.Is_Leap_Year      rtc.o
    0x080021a2   0x080021a2   0x00000002   PAD
    0x080021a4   0x080021a4   0x00000088   Code   RO         1516    i.JudgeStr          as608.o
    0x0800222c   0x0800222c   0x0000003c   Code   RO          669    i.KEY_Init          key.o
    0x08002268   0x08002268   0x000000c8   Code   RO          670    i.KEY_Scan          key.o
    0x08002330   0x08002330   0x00000044   Code   RO         1680    i.Key_init1         key1.o
    0x08002374   0x08002374   0x0000001a   Code   RO          691    i.LCD_BGR2RGB       lcd.o
    0x0800238e   0x0800238e   0x00000002   PAD
    0x08002390   0x08002390   0x0000006c   Code   RO          692    i.LCD_Clear         lcd.o
    0x080023fc   0x080023fc   0x000001c0   Code   RO          696    i.LCD_Display_Dir   lcd.o
    0x080025bc   0x080025bc   0x000000b0   Code   RO          697    i.LCD_DrawLine      lcd.o
    0x0800266c   0x0800266c   0x00000024   Code   RO          698    i.LCD_DrawPoint     lcd.o
    0x08002690   0x08002690   0x0000003c   Code   RO          699    i.LCD_DrawRectangle  lcd.o
    0x080026cc   0x080026cc   0x00000098   Code   RO          700    i.LCD_Draw_Circle   lcd.o
    0x08002764   0x08002764   0x0000017c   Code   RO          701    i.LCD_Fast_DrawPoint  lcd.o
    0x080028e0   0x080028e0   0x000000bc   Code   RO          702    i.LCD_Fill          lcd.o
    0x0800299c   0x0800299c   0x00003774   Code   RO          703    i.LCD_Init          lcd.o
    0x08006110   0x08006110   0x00000016   Code   RO          704    i.LCD_Pow           lcd.o
    0x08006126   0x08006126   0x00000002   PAD
    0x08006128   0x08006128   0x00000014   Code   RO          705    i.LCD_RD_DATA       lcd.o
    0x0800613c   0x0800613c   0x0000016c   Code   RO          706    i.LCD_ReadPoint     lcd.o
    0x080062a8   0x080062a8   0x00000016   Code   RO          707    i.LCD_ReadReg       lcd.o
    0x080062be   0x080062be   0x00000002   PAD
    0x080062c0   0x080062c0   0x00000054   Code   RO          708    i.LCD_SSD_BackLightSet  lcd.o
    0x08006314   0x08006314   0x000002ec   Code   RO          709    i.LCD_Scan_Dir      lcd.o
    0x08006600   0x08006600   0x000001a8   Code   RO          710    i.LCD_SetCursor     lcd.o
    0x080067a8   0x080067a8   0x00000128   Code   RO          712    i.LCD_ShowChar      lcd.o
    0x080068d0   0x080068d0   0x00000094   Code   RO          713    i.LCD_ShowNum       lcd.o
    0x08006964   0x08006964   0x00000066   Code   RO          714    i.LCD_ShowString    lcd.o
    0x080069ca   0x080069ca   0x000000be   Code   RO          715    i.LCD_ShowxNum      lcd.o
    0x08006a88   0x08006a88   0x0000000c   Code   RO          716    i.LCD_WR_DATA       lcd.o
    0x08006a94   0x08006a94   0x0000000c   Code   RO          717    i.LCD_WR_REG        lcd.o
    0x08006aa0   0x08006aa0   0x00000014   Code   RO          719    i.LCD_WriteRAM_Prepare  lcd.o
    0x08006ab4   0x08006ab4   0x00000010   Code   RO          720    i.LCD_WriteReg      lcd.o
    0x08006ac4   0x08006ac4   0x0000004c   Code   RO          905    i.LED_Init          led.o
    0x08006b10   0x08006b10   0x00000040   Code   RO         1940    i.Local_time_set    admin.o
    0x08006b50   0x08006b50   0x0000001c   Code   RO         1517    i.MYUSART_SendData  as608.o
    0x08006b6c   0x08006b6c   0x00000004   Code   RO          287    i.MemManage_Handler  stm32f10x_it.o
    0x08006b70   0x08006b70   0x00000002   Code   RO          288    i.NMI_Handler       stm32f10x_it.o
    0x08006b72   0x08006b72   0x00000002   PAD
    0x08006b74   0x08006b74   0x00000070   Code   RO         2094    i.NVIC_Init         misc.o
    0x08006be4   0x08006be4   0x00000014   Code   RO         2095    i.NVIC_PriorityGroupConfig  misc.o
    0x08006bf8   0x08006bf8   0x0000006c   Code   RO         1518    i.PS_DeletChar      as608.o
    0x08006c64   0x08006c64   0x0000003a   Code   RO         1519    i.PS_Empty          as608.o
    0x08006c9e   0x08006c9e   0x00000046   Code   RO         1520    i.PS_GenChar        as608.o
    0x08006ce4   0x08006ce4   0x0000003a   Code   RO         1521    i.PS_GetImage       as608.o
    0x08006d1e   0x08006d1e   0x00000002   PAD
    0x08006d20   0x08006d20   0x00000080   Code   RO         1522    i.PS_HandShake      as608.o
    0x08006da0   0x08006da0   0x00000090   Code   RO         1523    i.PS_HighSpeedSearch  as608.o
    0x08006e30   0x08006e30   0x0000003a   Code   RO         1524    i.PS_Match          as608.o
    0x08006e6a   0x08006e6a   0x00000002   PAD
    0x08006e6c   0x08006e6c   0x000000f0   Code   RO         1526    i.PS_ReadSysPara    as608.o
    0x08006f5c   0x08006f5c   0x0000003a   Code   RO         1527    i.PS_RegModel       as608.o
    0x08006f96   0x08006f96   0x00000002   PAD
    0x08006f98   0x08006f98   0x0000002c   Code   RO         1530    i.PS_StaGPIO_Init   as608.o
    0x08006fc4   0x08006fc4   0x00000060   Code   RO         1531    i.PS_StoreChar      as608.o
    0x08007024   0x08007024   0x00000088   Code   RO         1532    i.PS_ValidTempleteNum  as608.o
    0x080070ac   0x080070ac   0x0000000c   Code   RO         3838    i.PWR_BackupAccessCmd  stm32f10x_pwr.o
    0x080070b8   0x080070b8   0x00000002   Code   RO          289    i.PendSV_Handler    stm32f10x_it.o
    0x080070ba   0x080070ba   0x00000002   PAD
    0x080070bc   0x080070bc   0x00000020   Code   RO         2491    i.RCC_AHBPeriphClockCmd  stm32f10x_rcc.o
    0x080070dc   0x080070dc   0x00000020   Code   RO         2492    i.RCC_APB1PeriphClockCmd  stm32f10x_rcc.o
    0x080070fc   0x080070fc   0x00000020   Code   RO         2493    i.RCC_APB1PeriphResetCmd  stm32f10x_rcc.o
    0x0800711c   0x0800711c   0x00000020   Code   RO         2494    i.RCC_APB2PeriphClockCmd  stm32f10x_rcc.o
    0x0800713c   0x0800713c   0x00000020   Code   RO         2495    i.RCC_APB2PeriphResetCmd  stm32f10x_rcc.o
    0x0800715c   0x0800715c   0x0000000c   Code   RO         2497    i.RCC_BackupResetCmd  stm32f10x_rcc.o
    0x08007168   0x08007168   0x000000d4   Code   RO         2502    i.RCC_GetClocksFreq  stm32f10x_rcc.o
    0x0800723c   0x0800723c   0x0000003c   Code   RO         2503    i.RCC_GetFlagStatus  stm32f10x_rcc.o
    0x08007278   0x08007278   0x00000034   Code   RO         2510    i.RCC_LSEConfig     stm32f10x_rcc.o
    0x080072ac   0x080072ac   0x0000000c   Code   RO         2517    i.RCC_RTCCLKCmd     stm32f10x_rcc.o
    0x080072b8   0x080072b8   0x00000010   Code   RO         2518    i.RCC_RTCCLKConfig  stm32f10x_rcc.o
    0x080072c8   0x080072c8   0x00000010   Code   RO         3749    i.RTC_ClearITPendingBit  stm32f10x_rtc.o
    0x080072d8   0x080072d8   0x00000014   Code   RO         3750    i.RTC_EnterConfigMode  stm32f10x_rtc.o
    0x080072ec   0x080072ec   0x00000014   Code   RO         3751    i.RTC_ExitConfigMode  stm32f10x_rtc.o
    0x08007300   0x08007300   0x00000100   Code   RO         1705    i.RTC_Get           rtc.o
    0x08007400   0x08007400   0x00000014   Code   RO         3752    i.RTC_GetCounter    stm32f10x_rtc.o
    0x08007414   0x08007414   0x00000024   Code   RO         3755    i.RTC_GetITStatus   stm32f10x_rtc.o
    0x08007438   0x08007438   0x00000078   Code   RO         1706    i.RTC_Get_Week      rtc.o
    0x080074b0   0x080074b0   0x00000070   Code   RO         1707    i.RTC_IRQHandler    rtc.o
    0x08007520   0x08007520   0x00000020   Code   RO         3756    i.RTC_ITConfig      stm32f10x_rtc.o
    0x08007540   0x08007540   0x000000aa   Code   RO         1708    i.RTC_Init          rtc.o
    0x080075ea   0x080075ea   0x00000020   Code   RO         1709    i.RTC_NVIC_Config   rtc.o
    0x0800760a   0x0800760a   0x00000002   PAD
    0x0800760c   0x0800760c   0x0000001c   Code   RO         3758    i.RTC_SetCounter    stm32f10x_rtc.o
    0x08007628   0x08007628   0x00000020   Code   RO         3759    i.RTC_SetPrescaler  stm32f10x_rtc.o
    0x08007648   0x08007648   0x000000e0   Code   RO         1941    i.RTC_Set_2         admin.o
    0x08007728   0x08007728   0x00000014   Code   RO         3760    i.RTC_WaitForLastTask  stm32f10x_rtc.o
    0x0800773c   0x0800773c   0x00000024   Code   RO         3761    i.RTC_WaitForSynchro  stm32f10x_rtc.o
    0x08007760   0x08007760   0x000000ac   Code   RO          928    i.SDEnWideBus       sdio_sdcard.o
    0x0800780c   0x0800780c   0x0000000c   Code   RO         2691    i.SDIO_ClearFlag    stm32f10x_sdio.o
    0x08007818   0x08007818   0x0000000c   Code   RO         2693    i.SDIO_ClockCmd     stm32f10x_sdio.o
    0x08007824   0x08007824   0x00000014   Code   RO          929    i.SDIO_Clock_Set    sdio_sdcard.o
    0x08007838   0x08007838   0x0000000c   Code   RO         2696    i.SDIO_DMACmd       stm32f10x_sdio.o
    0x08007844   0x08007844   0x00000030   Code   RO         2697    i.SDIO_DataConfig   stm32f10x_sdio.o
    0x08007874   0x08007874   0x00000024   Code   RO         2699    i.SDIO_DeInit       stm32f10x_sdio.o
    0x08007898   0x08007898   0x00000018   Code   RO         2703    i.SDIO_GetFlagStatus  stm32f10x_sdio.o
    0x080078b0   0x080078b0   0x00000010   Code   RO         2705    i.SDIO_GetPowerState  stm32f10x_sdio.o
    0x080078c0   0x080078c0   0x00000008   Code   RO          930    i.SDIO_IRQHandler   sdio_sdcard.o
    0x080078c8   0x080078c8   0x00000030   Code   RO         2708    i.SDIO_Init         stm32f10x_sdio.o
    0x080078f8   0x080078f8   0x0000000c   Code   RO         2709    i.SDIO_ReadData     stm32f10x_sdio.o
    0x08007904   0x08007904   0x0000002c   Code   RO         2711    i.SDIO_SendCommand  stm32f10x_sdio.o
    0x08007930   0x08007930   0x0000001c   Code   RO         2713    i.SDIO_SetPowerState  stm32f10x_sdio.o
    0x0800794c   0x0800794c   0x0000000c   Code   RO         2719    i.SDIO_WriteData    stm32f10x_sdio.o
    0x08007958   0x08007958   0x00000068   Code   RO          931    i.SD_DMA_Config     sdio_sdcard.o
    0x080079c0   0x080079c0   0x00000068   Code   RO          932    i.SD_EnableWideBusOperation  sdio_sdcard.o
    0x08007a28   0x08007a28   0x00000314   Code   RO          933    i.SD_GetCardInfo    sdio_sdcard.o
    0x08007d3c   0x08007d3c   0x00000100   Code   RO          935    i.SD_Init           sdio_sdcard.o
    0x08007e3c   0x08007e3c   0x00000154   Code   RO          936    i.SD_InitializeCards  sdio_sdcard.o
    0x08007f90   0x08007f90   0x000001dc   Code   RO          938    i.SD_PowerON        sdio_sdcard.o
    0x0800816c   0x0800816c   0x0000013c   Code   RO          939    i.SD_ProcessIRQSrc  sdio_sdcard.o
    0x080082a8   0x080082a8   0x00000258   Code   RO          940    i.SD_ReadBlock      sdio_sdcard.o
    0x08008500   0x08008500   0x000000a0   Code   RO          941    i.SD_ReadDisk       sdio_sdcard.o
    0x080085a0   0x080085a0   0x000002e8   Code   RO          942    i.SD_ReadMultiBlocks  sdio_sdcard.o
    0x08008888   0x08008888   0x00000030   Code   RO          943    i.SD_SelectDeselect  sdio_sdcard.o
    0x080088b8   0x080088b8   0x00000018   Code   RO          945    i.SD_SetDeviceMode  sdio_sdcard.o
    0x080088d0   0x080088d0   0x00000374   Code   RO          946    i.SD_WriteBlock     sdio_sdcard.o
    0x08008c44   0x08008c44   0x000000a0   Code   RO          947    i.SD_WriteDisk      sdio_sdcard.o
    0x08008ce4   0x08008ce4   0x000003c0   Code   RO          948    i.SD_WriteMultiBlocks  sdio_sdcard.o
    0x080090a4   0x080090a4   0x00000022   Code   RO         2052    i.STMFLASH_Read     stmflash.o
    0x080090c6   0x080090c6   0x00000006   Code   RO         2053    i.STMFLASH_ReadHalfWord  stmflash.o
    0x080090cc   0x080090cc   0x000000e8   Code   RO         2054    i.STMFLASH_Write    stmflash.o
    0x080091b4   0x080091b4   0x00000026   Code   RO         2055    i.STMFLASH_Write_NoCheck  stmflash.o
    0x080091da   0x080091da   0x00000002   Code   RO          290    i.SVC_Handler       stm32f10x_it.o
    0x080091dc   0x080091dc   0x00000034   Code   RO         1535    i.SendAddr          as608.o
    0x08009210   0x08009210   0x00000012   Code   RO         1536    i.SendCheck         as608.o
    0x08009222   0x08009222   0x0000000c   Code   RO         1537    i.SendFlag          as608.o
    0x0800922e   0x0800922e   0x00000010   Code   RO         1538    i.SendHead          as608.o
    0x0800923e   0x0800923e   0x00000014   Code   RO         1539    i.SendLength        as608.o
    0x08009252   0x08009252   0x0000000c   Code   RO         1540    i.Sendcmd           as608.o
    0x0800925e   0x0800925e   0x00000008   Code   RO          430    i.SetSysClock       system_stm32f10x.o
    0x08009266   0x08009266   0x00000002   PAD
    0x08009268   0x08009268   0x000000e0   Code   RO          431    i.SetSysClockTo72   system_stm32f10x.o
    0x08009348   0x08009348   0x0000004c   Code   RO            5    i.ShowErrMessage    main.o
    0x08009394   0x08009394   0x000000c8   Code   RO         5246    i.Show_Font         text.o
    0x0800945c   0x0800945c   0x000000c2   Code   RO         5247    i.Show_Str          text.o
    0x0800951e   0x0800951e   0x00000002   PAD
    0x08009520   0x08009520   0x00000070   Code   RO         5248    i.Show_Str_Mid      text.o
    0x08009590   0x08009590   0x00000028   Code   RO         2098    i.SysTick_CLKSourceConfig  misc.o
    0x080095b8   0x080095b8   0x00000002   Code   RO          291    i.SysTick_Handler   stm32f10x_it.o
    0x080095ba   0x080095ba   0x00000002   PAD
    0x080095bc   0x080095bc   0x00000060   Code   RO          433    i.SystemInit        system_stm32f10x.o
    0x0800961c   0x0800961c   0x000002ac   Code   RO         1120    i.TIM3_IRQHandler   timer.o
    0x080098c8   0x080098c8   0x00000060   Code   RO         1121    i.TIM3_Int_Init     timer.o
    0x08009928   0x08009928   0x00000038   Code   RO         4220    i.TIM4_IRQHandler   usmart.o
    0x08009960   0x08009960   0x00000034   Code   RO         1122    i.TIM6_IRQHandler   timer.o
    0x08009994   0x08009994   0x00000060   Code   RO         1123    i.TIM6_Int_Init     timer.o
    0x080099f4   0x080099f4   0x00000034   Code   RO         1124    i.TIM7_IRQHandler   timer.o
    0x08009a28   0x08009a28   0x00000060   Code   RO         1125    i.TIM7_Int_Init     timer.o
    0x08009a88   0x08009a88   0x00000006   Code   RO         3030    i.TIM_ClearFlag     stm32f10x_tim.o
    0x08009a8e   0x08009a8e   0x00000006   Code   RO         3031    i.TIM_ClearITPendingBit  stm32f10x_tim.o
    0x08009a94   0x08009a94   0x00000018   Code   RO         3036    i.TIM_Cmd           stm32f10x_tim.o
    0x08009aac   0x08009aac   0x00000006   Code   RO         3055    i.TIM_GetCounter    stm32f10x_tim.o
    0x08009ab2   0x08009ab2   0x00000012   Code   RO         3056    i.TIM_GetFlagStatus  stm32f10x_tim.o
    0x08009ac4   0x08009ac4   0x00000022   Code   RO         3057    i.TIM_GetITStatus   stm32f10x_tim.o
    0x08009ae6   0x08009ae6   0x00000012   Code   RO         3061    i.TIM_ITConfig      stm32f10x_tim.o
    0x08009af8   0x08009af8   0x00000004   Code   RO         3095    i.TIM_SetAutoreload  stm32f10x_tim.o
    0x08009afc   0x08009afc   0x00000004   Code   RO         3101    i.TIM_SetCounter    stm32f10x_tim.o
    0x08009b00   0x08009b00   0x000000a4   Code   RO         3107    i.TIM_TimeBaseInit  stm32f10x_tim.o
    0x08009ba4   0x08009ba4   0x000001a8   Code   RO         1237    i.TP_Adj_Info_Show  touch.o
    0x08009d4c   0x08009d4c   0x0000084c   Code   RO         1238    i.TP_Adjust         touch.o
    0x0800a598   0x0800a598   0x00000070   Code   RO         1240    i.TP_Drow_Touch_Point  touch.o
    0x0800a608   0x0800a608   0x000000a8   Code   RO         1241    i.TP_Get_Adjdata    touch.o
    0x0800a6b0   0x0800a6b0   0x00000098   Code   RO         1242    i.TP_Init           touch.o
    0x0800a748   0x0800a748   0x0000008c   Code   RO         1243    i.TP_Read_AD        touch.o
    0x0800a7d4   0x0800a7d4   0x00000078   Code   RO         1244    i.TP_Read_XOY       touch.o
    0x0800a84c   0x0800a84c   0x00000030   Code   RO         1245    i.TP_Read_XY        touch.o
    0x0800a87c   0x0800a87c   0x000000c0   Code   RO         1246    i.TP_Read_XY2       touch.o
    0x0800a93c   0x0800a93c   0x00000078   Code   RO         1247    i.TP_Save_Adjdata   touch.o
    0x0800a9b4   0x0800a9b4   0x000000fc   Code   RO         1248    i.TP_Scan           touch.o
    0x0800aab0   0x0800aab0   0x00000044   Code   RO         1249    i.TP_Write_Byte     touch.o
    0x0800aaf4   0x0800aaf4   0x0000005c   Code   RO         4221    i.Timer4_Init       usmart.o
    0x0800ab50   0x0800ab50   0x00000088   Code   RO          568    i.USART1_IRQHandler  usart.o
    0x0800abd8   0x0800abd8   0x00000070   Code   RO         1484    i.USART2_IRQHandler  usart2.o
    0x0800ac48   0x0800ac48   0x00000074   Code   RO         1336    i.USART3_IRQHandler  usart3.o
    0x0800acbc   0x0800acbc   0x00000018   Code   RO         3572    i.USART_Cmd         stm32f10x_usart.o
    0x0800acd4   0x0800acd4   0x0000009c   Code   RO         3574    i.USART_DeInit      stm32f10x_usart.o
    0x0800ad70   0x0800ad70   0x00000054   Code   RO         3576    i.USART_GetITStatus  stm32f10x_usart.o
    0x0800adc4   0x0800adc4   0x0000004a   Code   RO         3578    i.USART_ITConfig    stm32f10x_usart.o
    0x0800ae0e   0x0800ae0e   0x00000002   PAD
    0x0800ae10   0x0800ae10   0x000000d8   Code   RO         3579    i.USART_Init        stm32f10x_usart.o
    0x0800aee8   0x0800aee8   0x0000000a   Code   RO         3586    i.USART_ReceiveData  stm32f10x_usart.o
    0x0800aef2   0x0800aef2   0x00000004   Code   RO          292    i.UsageFault_Handler  stm32f10x_it.o
    0x0800aef6   0x0800aef6   0x00000002   PAD
    0x0800aef8   0x0800aef8   0x00000058   Code   RO         1379    i.W25QXX_Erase_Sector  w25qxx.o
    0x0800af50   0x0800af50   0x00000020   Code   RO         1380    i.W25QXX_Init       w25qxx.o
    0x0800af70   0x0800af70   0x00000054   Code   RO         1382    i.W25QXX_Read       w25qxx.o
    0x0800afc4   0x0800afc4   0x00000048   Code   RO         1383    i.W25QXX_ReadID     w25qxx.o
    0x0800b00c   0x0800b00c   0x0000002c   Code   RO         1384    i.W25QXX_ReadSR     w25qxx.o
    0x0800b038   0x0800b038   0x00000012   Code   RO         1386    i.W25QXX_Wait_Busy  w25qxx.o
    0x0800b04a   0x0800b04a   0x00000002   PAD
    0x0800b04c   0x0800b04c   0x000000b8   Code   RO         1387    i.W25QXX_Write      w25qxx.o
    0x0800b104   0x0800b104   0x00000020   Code   RO         1389    i.W25QXX_Write_Enable  w25qxx.o
    0x0800b124   0x0800b124   0x00000046   Code   RO         1390    i.W25QXX_Write_NoCheck  w25qxx.o
    0x0800b16a   0x0800b16a   0x00000002   PAD
    0x0800b16c   0x0800b16c   0x0000005c   Code   RO         1391    i.W25QXX_Write_Page  w25qxx.o
    0x0800b1c8   0x0800b1c8   0x0000000e   Code   RO         6533    i._is_digit         c_w.l(__printf_wp.o)
    0x0800b1d6   0x0800b1d6   0x00000006   Code   RO          569    i._sys_exit         usart.o
    0x0800b1dc   0x0800b1dc   0x0000035c   Code   RO         1942    i.admin_key_input   admin.o
    0x0800b538   0x0800b538   0x00000090   Code   RO         4737    i.check_fs          ff.o
    0x0800b5c8   0x0800b5c8   0x00000014   Code   RO         4738    i.chk_chr           ff.o
    0x0800b5dc   0x0800b5dc   0x00000032   Code   RO         4739    i.clmt_clust        ff.o
    0x0800b60e   0x0800b60e   0x0000001a   Code   RO         4740    i.clust2sect        ff.o
    0x0800b628   0x0800b628   0x00000090   Code   RO         4741    i.cmp_lfn           ff.o
    0x0800b6b8   0x0800b6b8   0x00000012   Code   RO          949    i.convert_from_bytes_to_power_of_two  sdio_sdcard.o
    0x0800b6ca   0x0800b6ca   0x000000d6   Code   RO         4742    i.create_chain      ff.o
    0x0800b7a0   0x0800b7a0   0x00000270   Code   RO         4743    i.create_name       ff.o
    0x0800ba10   0x0800ba10   0x00000044   Code   RO          482    i.delay_init        delay.o
    0x0800ba54   0x0800ba54   0x0000004c   Code   RO          483    i.delay_ms          delay.o
    0x0800baa0   0x0800baa0   0x0000004c   Code   RO          484    i.delay_us          delay.o
    0x0800baec   0x0800baec   0x0000005c   Code   RO         4744    i.dir_alloc         ff.o
    0x0800bb48   0x0800bb48   0x000000ea   Code   RO         4745    i.dir_find          ff.o
    0x0800bc32   0x0800bc32   0x0000010e   Code   RO         4746    i.dir_next          ff.o
    0x0800bd40   0x0800bd40   0x000000c6   Code   RO         4747    i.dir_read          ff.o
    0x0800be06   0x0800be06   0x0000012a   Code   RO         4748    i.dir_register      ff.o
    0x0800bf30   0x0800bf30   0x0000006a   Code   RO         4749    i.dir_remove        ff.o
    0x0800bf9a   0x0800bf9a   0x0000009e   Code   RO         4750    i.dir_sdi           ff.o
    0x0800c038   0x0800c038   0x00000038   Code   RO         5078    i.disk_initialize   diskio.o
    0x0800c070   0x0800c070   0x000000b4   Code   RO         5079    i.disk_ioctl        diskio.o
    0x0800c124   0x0800c124   0x0000007a   Code   RO         5080    i.disk_read         diskio.o
    0x0800c19e   0x0800c19e   0x00000006   Code   RO         5081    i.disk_status       diskio.o
    0x0800c1a4   0x0800c1a4   0x0000007a   Code   RO         5082    i.disk_write        diskio.o
    0x0800c21e   0x0800c21e   0x00000002   PAD
    0x0800c220   0x0800c220   0x00000084   Code   RO         5137    i.exfuns_init       exfuns.o
    0x0800c2a4   0x0800c2a4   0x00000020   Code   RO         4752    i.f_close           ff.o
    0x0800c2c4   0x0800c2c4   0x00000102   Code   RO         4754    i.f_getfree         ff.o
    0x0800c3c6   0x0800c3c6   0x00000052   Code   RO         4756    i.f_gets            ff.o
    0x0800c418   0x0800c418   0x000002ac   Code   RO         4757    i.f_lseek           ff.o
    0x0800c6c4   0x0800c6c4   0x0000017c   Code   RO         4758    i.f_mkdir           ff.o
    0x0800c840   0x0800c840   0x00000648   Code   RO         4759    i.f_mkfs            ff.o
    0x0800ce88   0x0800ce88   0x0000005c   Code   RO         4760    i.f_mount           ff.o
    0x0800cee4   0x0800cee4   0x00000180   Code   RO         4761    i.f_open            ff.o
    0x0800d064   0x0800d064   0x00000088   Code   RO         4762    i.f_opendir         ff.o
    0x0800d0ec   0x0800d0ec   0x00000040   Code   RO         4764    i.f_putc            ff.o
    0x0800d12c   0x0800d12c   0x0000004a   Code   RO         4765    i.f_puts            ff.o
    0x0800d176   0x0800d176   0x000001b0   Code   RO         4766    i.f_read            ff.o
    0x0800d326   0x0800d326   0x00000072   Code   RO         4767    i.f_readdir         ff.o
    0x0800d398   0x0800d398   0x00000122   Code   RO         4768    i.f_rename          ff.o
    0x0800d4ba   0x0800d4ba   0x000000b0   Code   RO         4771    i.f_sync            ff.o
    0x0800d56a   0x0800d56a   0x000000be   Code   RO         4773    i.f_unlink          ff.o
    0x0800d628   0x0800d628   0x000001ea   Code   RO         4775    i.f_write           ff.o
    0x0800d812   0x0800d812   0x00000002   PAD
    0x0800d814   0x0800d814   0x0000007c   Code   RO         5174    i.ff_convert        cc936.o
    0x0800d890   0x0800d890   0x0000000e   Code   RO         5083    i.ff_memalloc       diskio.o
    0x0800d89e   0x0800d89e   0x0000000e   Code   RO         5084    i.ff_memfree        diskio.o
    0x0800d8ac   0x0800d8ac   0x00000038   Code   RO         5175    i.ff_wtoupper       cc936.o
    0x0800d8e4   0x0800d8e4   0x00000394   Code   RO         4776    i.find_volume       ff.o
    0x0800dc78   0x0800dc78   0x00000080   Code   RO         4777    i.fit_lfn           ff.o
    0x0800dcf8   0x0800dcf8   0x00000090   Code   RO         4778    i.follow_path       ff.o
    0x0800dd88   0x0800dd88   0x00000044   Code   RO         5203    i.font_init         fontupd.o
    0x0800ddcc   0x0800ddcc   0x0000001c   Code   RO          570    i.fputc             usart.o
    0x0800dde8   0x0800dde8   0x00000090   Code   RO         5204    i.fupd_prog         fontupd.o
    0x0800de78   0x0800de78   0x000000cc   Code   RO         4779    i.gen_numname       ff.o
    0x0800df44   0x0800df44   0x000000f2   Code   RO         4780    i.get_fat           ff.o
    0x0800e036   0x0800e036   0x00000004   Code   RO         5085    i.get_fattime       diskio.o
    0x0800e03a   0x0800e03a   0x00000110   Code   RO         4781    i.get_fileinfo      ff.o
    0x0800e14a   0x0800e14a   0x0000004a   Code   RO         4782    i.get_ldnumber      ff.o
    0x0800e194   0x0800e194   0x0000026c   Code   RO            6    i.jiemian           main.o
    0x0800e400   0x0800e400   0x00000400   Code   RO            7    i.key_input         main.o
    0x0800e800   0x0800e800   0x000001d8   Code   RO            8    i.keyboard          main.o
    0x0800e9d8   0x0800e9d8   0x00000200   Code   RO         1949    i.keyboard_2        admin.o
    0x0800ebd8   0x0800ebd8   0x00000020   Code   RO         4783    i.ld_clust          ff.o
    0x0800ebf8   0x0800ebf8   0x00000474   Code   RO            9    i.main              main.o
    0x0800f06c   0x0800f06c   0x00000026   Code   RO         4784    i.mem_cmp           ff.o
    0x0800f092   0x0800f092   0x0000001a   Code   RO         4785    i.mem_cpy           ff.o
    0x0800f0ac   0x0800f0ac   0x00000014   Code   RO         4786    i.mem_set           ff.o
    0x0800f0c0   0x0800f0c0   0x00000014   Code   RO         4585    i.mf_close          fattester.o
    0x0800f0d4   0x0800f0d4   0x00000014   Code   RO         4587    i.mf_fmkfs          fattester.o
    0x0800f0e8   0x0800f0e8   0x0000004c   Code   RO         4589    i.mf_gets           fattester.o
    0x0800f134   0x0800f134   0x00000014   Code   RO         4590    i.mf_lseek          fattester.o
    0x0800f148   0x0800f148   0x0000000c   Code   RO         4591    i.mf_mkdir          fattester.o
    0x0800f154   0x0800f154   0x00000018   Code   RO         4592    i.mf_mount          fattester.o
    0x0800f16c   0x0800f16c   0x0000001c   Code   RO         4593    i.mf_open           fattester.o
    0x0800f188   0x0800f188   0x00000014   Code   RO         4594    i.mf_opendir        fattester.o
    0x0800f19c   0x0800f19c   0x00000018   Code   RO         4595    i.mf_putc           fattester.o
    0x0800f1b4   0x0800f1b4   0x00000018   Code   RO         4596    i.mf_puts           fattester.o
    0x0800f1cc   0x0800f1cc   0x00000158   Code   RO         4597    i.mf_read           fattester.o
    0x0800f324   0x0800f324   0x00000194   Code   RO         4598    i.mf_readdir        fattester.o
    0x0800f4b8   0x0800f4b8   0x00000010   Code   RO         4599    i.mf_rename         fattester.o
    0x0800f4c8   0x0800f4c8   0x00000090   Code   RO         4600    i.mf_scan_files     fattester.o
    0x0800f558   0x0800f558   0x000000a8   Code   RO         4602    i.mf_showfree       fattester.o
    0x0800f600   0x0800f600   0x0000000c   Code   RO         4603    i.mf_size           fattester.o
    0x0800f60c   0x0800f60c   0x0000000c   Code   RO         4604    i.mf_tell           fattester.o
    0x0800f618   0x0800f618   0x0000000c   Code   RO         4605    i.mf_unlink         fattester.o
    0x0800f624   0x0800f624   0x000000b8   Code   RO         4606    i.mf_write          fattester.o
    0x0800f6dc   0x0800f6dc   0x00000034   Code   RO         4787    i.move_window       ff.o
    0x0800f710   0x0800f710   0x0000006c   Code   RO         4150    i.my_mem_free       malloc.o
    0x0800f77c   0x0800f77c   0x00000044   Code   RO         4151    i.my_mem_init       malloc.o
    0x0800f7c0   0x0800f7c0   0x000000a8   Code   RO         4152    i.my_mem_malloc     malloc.o
    0x0800f868   0x0800f868   0x00000040   Code   RO         4153    i.my_mem_perused    malloc.o
    0x0800f8a8   0x0800f8a8   0x00000024   Code   RO         4154    i.myfree            malloc.o
    0x0800f8cc   0x0800f8cc   0x00000028   Code   RO         4155    i.mymalloc          malloc.o
    0x0800f8f4   0x0800f8f4   0x00000014   Code   RO         4157    i.mymemset          malloc.o
    0x0800f908   0x0800f908   0x0000000e   Code   RO          721    i.opt_delay         lcd.o
    0x0800f916   0x0800f916   0x00000002   PAD
    0x0800f918   0x0800f918   0x00000074   Code   RO         4788    i.pick_lfn          ff.o
    0x0800f98c   0x0800f98c   0x00000168   Code   RO           10    i.press_FR          main.o
    0x0800faf4   0x0800faf4   0x00000142   Code   RO         4789    i.put_fat           ff.o
    0x0800fc36   0x0800fc36   0x00000044   Code   RO         4790    i.putc_bfd          ff.o
    0x0800fc7a   0x0800fc7a   0x00000006   Code   RO         4222    i.read_addr         usmart.o
    0x0800fc80   0x0800fc80   0x0000006c   Code   RO         4791    i.remove_chain      ff.o
    0x0800fcec   0x0800fcec   0x0000004c   Code   RO         6636    i.sqrt              m_ws.l(sqrt.o)
    0x0800fd38   0x0800fd38   0x00000010   Code   RO         4792    i.st_clust          ff.o
    0x0800fd48   0x0800fd48   0x00000020   Code   RO         4793    i.sum_sfn           ff.o
    0x0800fd68   0x0800fd68   0x000000c8   Code   RO         4794    i.sync_fs           ff.o
    0x0800fe30   0x0800fe30   0x00000052   Code   RO         4795    i.sync_window       ff.o
    0x0800fe82   0x0800fe82   0x00000002   PAD
    0x0800fe84   0x0800fe84   0x000000dc   Code   RO         1952    i.timeset_input     admin.o
    0x0800ff60   0x0800ff60   0x000000a0   Code   RO          571    i.uart_init         usart.o
    0x08010000   0x08010000   0x00000164   Code   RO         5205    i.updata_fontx      fontupd.o
    0x08010164   0x08010164   0x00000394   Code   RO         5206    i.update_font       fontupd.o
    0x080104f8   0x080104f8   0x000000d0   Code   RO         1486    i.usart2_init       usart2.o
    0x080105c8   0x080105c8   0x000000d0   Code   RO         1338    i.usart3_init       usart3.o
    0x08010698   0x08010698   0x000000b0   Code   RO         4223    i.usmart_cmd_rec    usmart.o
    0x08010748   0x08010748   0x000002d4   Code   RO         4224    i.usmart_exe        usmart.o
    0x08010a1c   0x08010a1c   0x000000c8   Code   RO         4340    i.usmart_get_aparm  usmart_str.o
    0x08010ae4   0x08010ae4   0x00000036   Code   RO         4341    i.usmart_get_cmdname  usmart_str.o
    0x08010b1a   0x08010b1a   0x00000002   PAD
    0x08010b1c   0x08010b1c   0x000001c0   Code   RO         4342    i.usmart_get_fname  usmart_str.o
    0x08010cdc   0x08010cdc   0x0000010c   Code   RO         4343    i.usmart_get_fparam  usmart_str.o
    0x08010de8   0x08010de8   0x00000020   Code   RO         4344    i.usmart_get_parmpos  usmart_str.o
    0x08010e08   0x08010e08   0x00000044   Code   RO         4225    i.usmart_get_runtime  usmart.o
    0x08010e4c   0x08010e4c   0x00000028   Code   RO         4226    i.usmart_init       usmart.o
    0x08010e74   0x08010e74   0x00000016   Code   RO         4345    i.usmart_pow        usmart_str.o
    0x08010e8a   0x08010e8a   0x00000002   PAD
    0x08010e8c   0x08010e8c   0x00000030   Code   RO         4227    i.usmart_reset_runtime  usmart.o
    0x08010ebc   0x08010ebc   0x000000bc   Code   RO         4228    i.usmart_scan       usmart.o
    0x08010f78   0x08010f78   0x00000016   Code   RO         4346    i.usmart_search_nextc  usmart_str.o
    0x08010f8e   0x08010f8e   0x000000ca   Code   RO         4347    i.usmart_str2num    usmart_str.o
    0x08011058   0x08011058   0x00000022   Code   RO         4348    i.usmart_strcmp     usmart_str.o
    0x0801107a   0x0801107a   0x00000016   Code   RO         4349    i.usmart_strcopy    usmart_str.o
    0x08011090   0x08011090   0x00000018   Code   RO         4350    i.usmart_strlen     usmart_str.o
    0x080110a8   0x080110a8   0x000006e4   Code   RO         4229    i.usmart_sys_cmd_exe  usmart.o
    0x0801178c   0x0801178c   0x00000036   Code   RO         4796    i.validate          ff.o
    0x080117c2   0x080117c2   0x00000004   Code   RO         4230    i.write_addr        usmart.o
    0x080117c6   0x080117c6   0x00000002   PAD
    0x080117c8   0x080117c8   0x000000a4   Code   RO         1955    i.zhuanhua          admin.o
    0x0801186c   0x0801186c   0x00000018   Code   RO         6783    x$fpl$dcmpinf       fz_ws.l(dcmpi.o)
    0x08011884   0x08011884   0x0000005a   Code   RO         6585    x$fpl$dfixu         fz_ws.l(dfixu.o)
    0x080118de   0x080118de   0x00000026   Code   RO         6589    x$fpl$dfltu         fz_ws.l(dflt_clz.o)
    0x08011904   0x08011904   0x00000078   Code   RO         6595    x$fpl$dleqf         fz_ws.l(dleqf.o)
    0x0801197c   0x0801197c   0x00000154   Code   RO         6597    x$fpl$dmul          fz_ws.l(dmul.o)
    0x08011ad0   0x08011ad0   0x0000009c   Code   RO         6785    x$fpl$dnaninf       fz_ws.l(dnaninf.o)
    0x08011b6c   0x08011b6c   0x0000000c   Code   RO         6787    x$fpl$dretinf       fz_ws.l(dretinf.o)
    0x08011b78   0x08011b78   0x0000006c   Code   RO         6599    x$fpl$drleqf        fz_ws.l(drleqf.o)
    0x08011be4   0x08011be4   0x000001cc   Code   RO         6789    x$fpl$dsqrt         fz_ws.l(dsqrt_noumaal.o)
    0x08011db0   0x08011db0   0x00000056   Code   RO         6601    x$fpl$f2d           fz_ws.l(f2d.o)
    0x08011e06   0x08011e06   0x00000002   PAD
    0x08011e08   0x08011e08   0x000000c4   Code   RO         6603    x$fpl$fadd          fz_ws.l(faddsub_clz.o)
    0x08011ecc   0x08011ecc   0x00000018   Code   RO         6791    x$fpl$fcmpinf       fz_ws.l(fcmpi.o)
    0x08011ee4   0x08011ee4   0x00000184   Code   RO         6610    x$fpl$fdiv          fz_ws.l(fdiv.o)
    0x08012068   0x08012068   0x00000068   Code   RO         6613    x$fpl$feqf          fz_ws.l(feqf.o)
    0x080120d0   0x080120d0   0x00000036   Code   RO         6615    x$fpl$ffix          fz_ws.l(ffix.o)
    0x08012106   0x08012106   0x00000002   PAD
    0x08012108   0x08012108   0x0000003e   Code   RO         6619    x$fpl$ffixu         fz_ws.l(ffixu.o)
    0x08012146   0x08012146   0x00000002   PAD
    0x08012148   0x08012148   0x00000030   Code   RO         6624    x$fpl$fflt          fz_ws.l(fflt_clz.o)
    0x08012178   0x08012178   0x00000026   Code   RO         6623    x$fpl$ffltu         fz_ws.l(fflt_clz.o)
    0x0801219e   0x0801219e   0x00000002   PAD
    0x080121a0   0x080121a0   0x00000102   Code   RO         6629    x$fpl$fmul          fz_ws.l(fmul.o)
    0x080122a2   0x080122a2   0x0000008c   Code   RO         6793    x$fpl$fnaninf       fz_ws.l(fnaninf.o)
    0x0801232e   0x0801232e   0x0000000a   Code   RO         6795    x$fpl$fretinf       fz_ws.l(fretinf.o)
    0x08012338   0x08012338   0x000000ea   Code   RO         6605    x$fpl$fsub          fz_ws.l(faddsub_clz.o)
    0x08012422   0x08012422   0x00000000   Code   RO         6797    x$fpl$usenofp       fz_ws.l(usenofp.o)
    0x08012422   0x08012422   0x000017c0   Data   RO          723    .constdata          lcd.o
    0x08013be2   0x08013be2   0x00000018   Data   RO         1712    .constdata          rtc.o
    0x08013bfa   0x08013bfa   0x00000002   PAD
    0x08013bfc   0x08013bfc   0x00000018   Data   RO         4162    .constdata          malloc.o
    0x08013c14   0x08013c14   0x0000003a   Data   RO         4797    .constdata          ff.o
    0x08013c4e   0x08013c4e   0x0002acc8   Data   RO         5176    .constdata          cc936.o
    0x0803e916   0x0803e916   0x00000002   PAD
    0x0803e918   0x0803e918   0x00000010   Data   RO         5208    .constdata          fontupd.o
    0x0803e928   0x0803e928   0x00000028   Data   RO         6521    .constdata          c_w.l(_printf_hex_int_ll_ptr.o)
    0x0803e950   0x0803e950   0x00000011   Data   RO         6541    .constdata          c_w.l(__printf_flags_ss_wp.o)
    0x0803e961   0x0803e961   0x00000003   PAD
    0x0803e964   0x0803e964   0x0000003e   Data   RO           12    .conststring        main.o
    0x0803e9a2   0x0803e9a2   0x00000002   PAD
    0x0803e9a4   0x0803e9a4   0x0000001a   Data   RO         1250    .conststring        touch.o
    0x0803e9be   0x0803e9be   0x00000002   PAD
    0x0803e9c0   0x0803e9c0   0x00000028   Data   RO         4231    .conststring        usmart.o
    0x0803e9e8   0x0803e9e8   0x0000040f   Data   RO         4303    .conststring        usmart_config.o
    0x0803edf7   0x0803edf7   0x00000001   PAD
    0x0803edf8   0x0803edf8   0x0000005f   Data   RO         5209    .conststring        fontupd.o
    0x0803ee57   0x0803ee57   0x00000001   PAD
    0x0803ee58   0x0803ee58   0x00000020   Data   RO         7064    Region$$Table       anon$$obj.o


    Execution Region RW_IRAM1 (Exec base: 0x20000000, Load base: 0x0803ee78, Size: 0x0000fe68, Max: 0x00010000, ABSOLUTE, COMPRESSED[0x000001a4])

    Exec Addr    Load Addr    Size         Type   Attr      Idx    E Section Name        Object

    0x20000000   COMPRESSED   0x0000006e   Data   RW           13    .data               main.o
    0x2000006e   COMPRESSED   0x00000002   PAD
    0x20000070   COMPRESSED   0x00000014   Data   RW          434    .data               system_stm32f10x.o
    0x20000084   COMPRESSED   0x00000004   Data   RW          485    .data               delay.o
    0x20000088   COMPRESSED   0x00000006   Data   RW          573    .data               usart.o
    0x2000008e   COMPRESSED   0x00000001   Data   RW          671    .data               key.o
    0x2000008f   COMPRESSED   0x00000001   PAD
    0x20000090   COMPRESSED   0x00000004   Data   RW          724    .data               lcd.o
    0x20000094   COMPRESSED   0x00000010   Data   RW          951    .data               sdio_sdcard.o
    0x200000a4   COMPRESSED   0x00000001   Data   RW         1126    .data               timer.o
    0x200000a5   COMPRESSED   0x00000003   PAD
    0x200000a8   COMPRESSED   0x00000030   Data   RW         1251    .data               touch.o
    0x200000d8   COMPRESSED   0x00000002   Data   RW         1340    .data               usart3.o
    0x200000da   COMPRESSED   0x00000002   Data   RW         1394    .data               w25qxx.o
    0x200000dc   COMPRESSED   0x00000002   Data   RW         1488    .data               usart2.o
    0x200000de   COMPRESSED   0x00000002   PAD
    0x200000e0   COMPRESSED   0x00000004   Data   RW         1541    .data               as608.o
    0x200000e4   COMPRESSED   0x00000002   Data   RW         1713    .data               rtc.o
    0x200000e6   COMPRESSED   0x00000002   PAD
    0x200000e8   COMPRESSED   0x00000064   Data   RW         1958    .data               admin.o
    0x2000014c   COMPRESSED   0x00000014   Data   RW         2522    .data               stm32f10x_rcc.o
    0x20000160   COMPRESSED   0x0000001c   Data   RW         4163    .data               malloc.o
    0x2000017c   COMPRESSED   0x0000001c   Data   RW         4232    .data               usmart.o
    0x20000198   COMPRESSED   0x000001fc   Data   RW         4304    .data               usmart_config.o
    0x20000394   COMPRESSED   0x0000000a   Data   RW         4798    .data               ff.o
    0x2000039e   COMPRESSED   0x00000002   Data   RW         5086    .data               diskio.o
    0x200003a0   COMPRESSED   0x0000001c   Data   RW         5142    .data               exfuns.o
    0x200003bc        -       0x00000308   Zero   RW           11    .bss                main.o
    0x200006c4        -       0x000000c8   Zero   RW          572    .bss                usart.o
    0x2000078c        -       0x0000000e   Zero   RW          722    .bss                lcd.o
    0x2000079a   COMPRESSED   0x00000006   PAD
    0x200007a0        -       0x000002c0   Zero   RW          950    .bss                sdio_sdcard.o
    0x20000a60        -       0x000004b0   Zero   RW         1339    .bss                usart3.o
    0x20000f10        -       0x00001000   Zero   RW         1393    .bss                w25qxx.o
    0x20001f10        -       0x00000320   Zero   RW         1487    .bss                usart2.o
    0x20002230        -       0x0000000a   Zero   RW         1711    .bss                rtc.o
    0x2000223a   COMPRESSED   0x00000002   PAD
    0x2000223c        -       0x00001c4c   Zero   RW         1956    .bss                admin.o
    0x20003e88        -       0x00000800   Zero   RW         2057    .bss                stmflash.o
    0x20004688   COMPRESSED   0x00000018   PAD
    0x200046a0        -       0x0000aa00   Zero   RW         4161    .bss                malloc.o
    0x2000f0a0        -       0x00000044   Zero   RW         5139    .bss                exfuns.o
    0x2000f0e4        -       0x00000021   Zero   RW         5207    .bss                fontupd.o
    0x2000f105   COMPRESSED   0x00000003   PAD
    0x2000f108        -       0x00000060   Zero   RW         6801    .bss                c_w.l(libspace.o)
    0x2000f168        -       0x00000900   Zero   RW          476    HEAP                startup_stm32f10x_hd.o
    0x2000fa68        -       0x00000400   Zero   RW          475    STACK               startup_stm32f10x_hd.o



  Load Region LR$$.ARM.__AT_0x68000000 (Base: 0x68000000, Size: 0x00000000, Max: 0x000f0000, ABSOLUTE)

    Execution Region ER$$.ARM.__AT_0x68000000 (Exec base: 0x68000000, Load base: 0x68000000, Size: 0x000f0000, Max: 0x000f0000, ABSOLUTE, UNINIT)

    Exec Addr    Load Addr    Size         Type   Attr      Idx    E Section Name        Object

    0x68000000        -       0x000f0000   Zero   RW         4159    .ARM.__AT_0x68000000  malloc.o



  Load Region LR$$.ARM.__AT_0x680F0000 (Base: 0x680f0000, Size: 0x00000000, Max: 0x0000f000, ABSOLUTE)

    Execution Region ER$$.ARM.__AT_0x680F0000 (Exec base: 0x680f0000, Load base: 0x680f0000, Size: 0x0000f000, Max: 0x0000f000, ABSOLUTE, UNINIT)

    Exec Addr    Load Addr    Size         Type   Attr      Idx    E Section Name        Object

    0x680f0000        -       0x0000f000   Zero   RW         4160    .ARM.__AT_0x680F0000  malloc.o


==============================================================================

Image component sizes


      Code (inc. data)   RO Data    RW Data    ZI Data      Debug   Object Name

       262          0          0          0          0       3165   24cxx.o
      2044        116          0        100       7244       6673   admin.o
      2116        660          0          4          0      14010   as608.o
        56          6          0          0          0        520   beep.o
       180         18     175304          0          0       2679   cc936.o
         0          0          0          0          0         32   core_cm3.o
       220         26          0          4          0     206675   delay.o
       518         14          0          2          0       6108   diskio.o
       132         18          0         28         68       1666   exfuns.o
      1564        622          0          0          0      14360   fattester.o
     11210        140         58         10          0      48890   ff.o
      1484        156        111          0         33       5394   fontupd.o
       612         34          0          0          0       3560   ioiic.o
       228          8          0          0          0       1231   iospi.o
       260         20          0          1          0       1234   key.o
        68          4          0          0          0        532   key1.o
     18264        206       6080          4         14      29196   lcd.o
        76          8          0          0          0        531   led.o
      5136        700         62        110        776     242892   main.o
       504         60         24         28    1088000       6349   malloc.o
       172         22          0          0          0       2173   misc.o
       748         56         24          2         10       4976   rtc.o
      7246        394          0         16        704      33974   sdio_sdcard.o
        64         26        304          0       3328        816   startup_stm32f10x_hd.o
        72         10          0          0          0       2800   stm32f10x_bkp.o
       416          8          0          0          0       3534   stm32f10x_dma.o
       274         30          0          0          0       3606   stm32f10x_flash.o
       282          6          0          0          0       1901   stm32f10x_fsmc.o
       304          0          0          0          0       3804   stm32f10x_gpio.o
        26          0          0          0          0      81086   stm32f10x_it.o
        12          6          0          0          0        538   stm32f10x_pwr.o
       524         76          0         20          0       9248   stm32f10x_rcc.o
       260         48          0          0          0       5448   stm32f10x_rtc.o
       304         72          0          0          0       8418   stm32f10x_sdio.o
       284         42          0          0          0       6628   stm32f10x_tim.o
       564         28          0          0          0       5813   stm32f10x_usart.o
       310         10          0          0       2048       3729   stmflash.o
         8          0          0          0          0        893   sys.o
       328         28          0         20          0       2237   system_stm32f10x.o
       730         20          0          0          0       4234   text.o
      1076        184          0          1          0       4062   timer.o
      3920        260         26         48          0      10581   touch.o
       330         26          0          6        200       4324   usart.o
       320         40          0          2        800       2222   usart2.o
       324         38          0          2       1200       2222   usart3.o
      3166       1330         40         28          0       7950   usmart.o
         0          0       1039        508          0       2280   usmart_config.o
      1328         20          0          0          0       8817   usmart_str.o
       716         48          0          2       4096       7233   w25qxx.o

    ----------------------------------------------------------------------
     69098       5644     183114        956    1108556     831244   Object Totals
         0          0         32          0          0          0   (incl. Generated)
        56          0         10         10         35          0   (incl. Padding)

    ----------------------------------------------------------------------

      Code (inc. data)   RO Data    RW Data    ZI Data      Debug   Library Member Name

        24          4          0          0          0         84   __2printf.o
        90          0          0          0          0          0   __dczerorl2.o
         8          0          0          0          0         68   __main.o
       392          4         17          0          0         92   __printf_flags_ss_wp.o
        14          0          0          0          0         68   __printf_wp.o
         0          0          0          0          0          0   __rtentry.o
        12          0          0          0          0          0   __rtentry2.o
         6          0          0          0          0          0   __rtentry4.o
        52          8          0          0          0          0   __scatter.o
        28          0          0          0          0          0   __scatter_zi.o
         6          0          0          0          0          0   _printf_c.o
        44          0          0          0          0        108   _printf_char.o
        48          6          0          0          0         96   _printf_char_common.o
        36          4          0          0          0         80   _printf_char_file.o
         6          0          0          0          0          0   _printf_d.o
       120         16          0          0          0         92   _printf_dec.o
       148          4         40          0          0        160   _printf_hex_int_ll_ptr.o
       178          0          0          0          0         88   _printf_intcommon.o
        78          0          0          0          0        108   _printf_pad.o
         0          0          0          0          0          0   _printf_percent.o
         4          0          0          0          0          0   _printf_percent_end.o
         6          0          0          0          0          0   _printf_s.o
        82          0          0          0          0         80   _printf_str.o
         6          0          0          0          0          0   _printf_u.o
         6          0          0          0          0          0   _printf_x.o
        22          0          0          0          0        100   _rserrno.o
        18          0          0          0          0         80   exit.o
         8          0          0          0          0         68   ferror.o
         6          0          0          0          0        152   heapauxi.o
         2          0          0          0          0          0   libinit.o
         2          0          0          0          0          0   libinit2.o
         2          0          0          0          0          0   libshutdown.o
         2          0          0          0          0          0   libshutdown2.o
         8          4          0          0         96         68   libspace.o
        72          0          0          0          0         76   llsdiv.o
       238          0          0          0          0        100   lludivv7m.o
         8          4          0          0          0         68   rt_errno_addr_intlibspace.o
       138          0          0          0          0         68   rt_memcpy_v6.o
       100          0          0          0          0         80   rt_memcpy_w.o
         2          0          0          0          0          0   rtexit.o
        10          0          0          0          0          0   rtexit2.o
        24          0          0          0          0         68   strcat.o
        72          0          0          0          0         80   strcpy.o
        62          0          0          0          0         76   strlen.o
        36          0          0          0          0         80   strstr.o
        74          0          0          0          0         80   sys_stackheap_outer.o
         2          0          0          0          0         68   use_no_semi.o
         2          0          0          0          0         68   use_no_semi_2.o
        24          0          0          0          0         68   dcmpi.o
        90          4          0          0          0         92   dfixu.o
        38          0          0          0          0         68   dflt_clz.o
       120          4          0          0          0         92   dleqf.o
       340         12          0          0          0        104   dmul.o
       156          4          0          0          0         92   dnaninf.o
        12          0          0          0          0         68   dretinf.o
       108          0          0          0          0         80   drleqf.o
       460         56          0          0          0        120   dsqrt_noumaal.o
        86          4          0          0          0         84   f2d.o
       430          8          0          0          0        168   faddsub_clz.o
        24          0          0          0          0         68   fcmpi.o
       388         76          0          0          0         96   fdiv.o
       104          4          0          0          0         84   feqf.o
        54          4          0          0          0         84   ffix.o
        62          4          0          0          0         84   ffixu.o
        86          0          0          0          0        136   fflt_clz.o
       258          4          0          0          0         84   fmul.o
       140          4          0          0          0         84   fnaninf.o
        10          0          0          0          0         68   fretinf.o
         0          0          0          0          0          0   usenofp.o
        76          0          0          0          0         84   sqrt.o

    ----------------------------------------------------------------------
      5384        242         60          0         96       4412   Library Totals
        14          0          3          0          0          0   (incl. Padding)

    ----------------------------------------------------------------------

      Code (inc. data)   RO Data    RW Data    ZI Data      Debug   Library Name

      2304         54         57          0         96       2504   c_w.l
      2990        188          0          0          0       1824   fz_ws.l
        76          0          0          0          0         84   m_ws.l

    ----------------------------------------------------------------------
      5384        242         60          0         96       4412   Library Totals

    ----------------------------------------------------------------------

==============================================================================


      Code (inc. data)   RO Data    RW Data    ZI Data      Debug   

     74482       5886     183174        956    1108652     814852   Grand Totals
     74482       5886     183174        420    1108652     814852   ELF Image Totals (compressed)
     74482       5886     183174        420          0          0   ROM Totals

==============================================================================

    Total RO  Size (Code + RO Data)               257656 ( 251.62kB)
    Total RW  Size (RW Data + ZI Data)           1109608 (1083.60kB)
    Total ROM Size (Code + RO Data + RW Data)     258076 ( 252.03kB)

==============================================================================

