<html>
<body>
<pre>
<h1>礦ision Build Log</h1>
<h2>Tool Versions:</h2>
IDE-Version: μVision V5.29.0.0
Copyright (C) 2019 ARM Ltd and ARM Germany GmbH. All rights reserved.
License Information: 2 1535985835@qq.com, 2, LIC=P6F63-AILTQ-NTV3G-V1PAW-KXDRY-01UVZ
 
Tool Versions:
Toolchain:       MDK-ARM Professional  Version: 5.29.0.0
Toolchain Path:  D:\keilARM\ARM\ARMCC\Bin
C Compiler:      Armcc.exe V5.06 update 6 (build 750)
Assembler:       Armasm.exe V5.06 update 6 (build 750)
Linker/Locator:  ArmLink.exe V5.06 update 6 (build 750)
Library Manager: ArmAr.exe V5.06 update 6 (build 750)
Hex Converter:   FromElf.exe V5.06 update 6 (build 750)
CPU DLL:         SARMCM3.DLL V5.29.0.0
Dialog DLL:      DARMSTM.DLL V1.68.0.0
Target DLL:      STLink\ST-LINKIII-KEIL_SWO.dll V3.0.7.0
Dialog DLL:      TARMSTM.DLL V1.66.0.0
 
<h2>Project:</h2>
D:\Singlechip\32 singlechip\ZET6\项目之指纹签到\电厂智能巡检指纹考勤系统\USER\ATK_ESP8266.uvprojx
Project File Date:  04/02/2020

<h2>Output:</h2>
*** Using Compiler 'V5.06 update 6 (build 750)', folder: 'D:\keilARM\ARM\ARMCC\Bin'
Build target 'Target 1'
compiling main.c...
..\MQTT\mqtt.h(9): warning:  #1295-D: Deprecated declaration mqtt_sendmassage - give arg types
  void mqtt_sendmassage();
main.c(614): warning:  #177-D: variable "i"  was declared but never referenced
  	u8 i=0;
main.c(615): warning:  #177-D: variable "z_2"  was declared but never referenced
  	u8 z_2=0;
main.c: 3 warnings, 0 errors
linking...
Program Size: Code=74482 RO-data=183174 RW-data=956 ZI-data=1108652  
FromELF: creating hex file...
"..\OBJ\ATK_ESP8266.axf" - 0 Error(s), 3 Warning(s).

<h2>Software Packages used:</h2>

Package Vendor: Keil
                http://www.keil.com/pack/Keil.STM32F1xx_DFP.2.3.0.pack
                Keil.STM32F1xx_DFP.2.3.0
                STMicroelectronics STM32F1 Series Device Support, Drivers and Examples

<h2>Collection of Component include folders:</h2>
  .\RTE\_Target_1
  D:\keilARM\PACK\Keil\STM32F1xx_DFP\2.3.0\Device\Include

<h2>Collection of Component Files used:</h2>
Build Time Elapsed:  00:00:02
</pre>
</body>
</html>
